-------------------------------------------------------------------------------
      name:  <unnamed>
       log:  E:\Consultorías\\BID\HRC0052956\\3_Logs\check_crops.log
  log type:  text
 opened on:  24 May 2026, 13:27:00

. qui do "${ruta_helpers}/prg_load_panel.do"

. prg_load_panel, outcome_file("BPAs_Compuestos_LByLS") outcome_vars(implementa
> _bpa_ena_vO) extra_vars(i1aECA_PE_ccpp ptcp_ECA_prod)
(Características de la observación: identificadores, efectos fijos, ECA y expos
> ic)

    Result                      Number of obs
    -----------------------------------------
    Not matched                             0
    Matched                             2,727  
    -----------------------------------------
(label sino already defined)

    Result                      Number of obs
    -----------------------------------------
    Not matched                             0
    Matched                             2,727  
    -----------------------------------------

    Result                      Number of obs
    -----------------------------------------
    Not matched                             0
    Matched                             2,727  
    -----------------------------------------
(label sino already defined)

    Result                      Number of obs
    -----------------------------------------
    Not matched                             0
    Matched                             2,727  
    -----------------------------------------
(label sino already defined)

    Result                      Number of obs
    -----------------------------------------
    Not matched                             0
    Matched                             2,727  
    -----------------------------------------
Obs. descartadas por panel no balanceado: 163
(163 observations deleted)

. keep if post==1
(1,282 observations deleted)

. tab prod_ECA_eval, missing

      Producto a |
         Evaluar |
(determinado por |
         SENASA) |      Freq.     Percent        Cum.
-----------------+-----------------------------------
            Papa |        442       34.48       34.48
         Plátano |        462       36.04       70.51
         Cítrico |        378       29.49      100.00
-----------------+-----------------------------------
           Total |      1,282      100.00

. count
  1,282

. log close
      name:  <unnamed>
       log:  E:\Consultorías\\BID\HRC0052956\\3_Logs\check_crops.log
  log type:  text
 closed on:  24 May 2026, 13:27:00
-------------------------------------------------------------------------------
