-------------------------------------------------------------------------------
      name:  <unnamed>
       log:  E:/Consultorías/BID/HRC0052956\\3_Logs\E1_build_obs_chars.log
  log type:  text
 opened on:  12 Aug 2026, 13:05:46
. 
.         
.         frame change caract_obs
.         use Codprod22 post `VarsCaractObs' using "`outc4'\\Panel_Inicio.dta",
>  clear
.         sort Codprod22 post
.         
.         // Etiqueta general
.         cap lab drop sino
.         lab def sino 1 "Sí" 0 "No"
. }

. 
. //===========================================================================
> ===
. // Create Variables
. //===========================================================================
> ===
. if `GenVars'{
.         //-------------------------------------------------------------------
> -------
.         // Fixed Effects 
.         //-------------------------------------------------------------------
> -------
.         sort nomb_rgn nomb_prvnc nomb_dstrt nomb_ccpp
.         // Región 
.         { 
.                 tempvar templab
.                 egen cod_rgn = group(nomb_rgn), label
.                 gen `templab'= ustrtitle(nomb_rgn)
.                 labmask cod_rgn, values(`templab')
.                 lab var cod_rgn "Región"
.         }
.         
.         // Región y Producto a Evaluar (bloque de diseño)
.         {
.                 tempvar templab
.                 tempvar decoded
.                 decode prod_ECA_eval, gen(`decoded')
.                 egen cod_rgn_PE = group(nomb_rgn prod_ECA_eval), label
.                 gen `templab' = "ECA de " + ustrtitle(`decoded') + " en " + u
> strtitle(nomb_rgn)
.                 labmask cod_rgn_PE, values(`templab')
.                 lab var cod_rgn_PE "Estrato: Región y Producto a Evaluar"
.         }
.         
.         // Centro Poblado
.         {
.                 tempvar templab
.                 egen cod_cpb = group(nomb_rgn nomb_prvnc nomb_dstrt nomb_ccpp
> ), label
.                 gen `templab'= ustrtitle(nomb_ccpp) + " en región " + ustrtit
> le(nomb_rgn)
.                 labmask cod_cpb , values(`templab')
.                 lab var cod_cpb "Centro Poblado"
.         }
. 
.         // Order on-the-way: efectos fijos juntos (junto a post)
.         order cod_rgn cod_rgn_PE cod_cpb, a(post)
. 
.         // Año de la encuesta
.         {
.                 gen año_enc = year(fch_enc)
.                 lab var año_enc "Año en que se tomó la encuesta"
.         }
.         
.         // Mes de la encuesta
.         {
.                 tempvar templab 
.                 gen mes_enc = month(fch_enc) 
.                 gen `templab' = "Enero" if mes_enc == 1 
(2,260 missing values generated)
.                 replace `templab' = "Febrero"   if mes_enc == 2
(0 real changes made)
.                 replace `templab' = "Marzo"             if mes_enc == 3
(0 real changes made)
.                 replace `templab' = "Abril"             if mes_enc == 4 
(0 real changes made)
.                 replace `templab' = "Mayo"              if mes_enc == 5
(0 real changes made)
.                 replace `templab' = "Junio"             if mes_enc == 6 
(0 real changes made)
.                 replace `templab' = "Julio"             if mes_enc == 7 
(0 real changes made)
.                 replace `templab' = "Agosto"    if mes_enc == 8 
(0 real changes made)
.                 replace `templab' = "Setiembre" if mes_enc == 9
variable __000004 was str5 now str9
(45 real changes made)
.                 replace `templab' = "Octubre"   if mes_enc == 10
(976 real changes made)
.                 replace `templab' = "Noviembre" if mes_enc == 11
(645 real changes made)
.                 replace `templab' = "Diciembre" if mes_enc == 12
(594 real changes made)
.                 labmask mes_enc, values(`templab')
.                 lab var mes_enc "Mes en que se tomó la encuesta"
.         }
.         
.         // Semana de la encuesta
.         {
.                 gen sem_enc = week(fch_enc)
.                 lab var sem_enc "Semana en que se tomó la encuesta"
.         }
. 
.         // Order on-the-way: temporales derivadas de fch_enc juntas (junto a 
> fch_enc)
.         order año_enc mes_enc sem_enc, a(fch_enc)
. 
.         //-------------------------------------------------------------------
> -------
.         // Exposición entre inicio de ECA y fecha de recojo de información
.         //-------------------------------------------------------------------
> -------
.         // Días de exposición entre inicio de enc. de LB e inicio de la ECA
.         {
.                 // Exposición a nivel de centro poblado
.                 gen dias_LB_ini_1aECA = fch_enc - fch_ini_1aECA if post==0
(2,155 missing values generated)
.                 replace dias_LB_ini_1aECA = 0 if (mi(fch_ini_1aECA) | ///
>                                                                              
>    !inlist(prod_1aECA_ccpp,11,12,15,16,19)) ///
>                                                                              
>    & post==0
(873 real changes made)
.                 lab var dias_LB_ini_1aECA "Días entre linea base e inicio de 
> 1a ECA en el Centro Poblado"
.                         
.                 // Exposición a nivel individual
.                 gen dias_LB_ini_ECA = fch_enc - fch_ini_ECA if post==0
(2,415 missing values generated)
.                 replace dias_LB_ini_ECA = 0 if (mi(fch_ini_ECA) | ///
>                                                                              
>    !inlist(prod_ECA,11,12,15,16,19)) ///
>                                                                              
>    & post==0
(1,133 real changes made)
.                 lab var dias_LB_ini_ECA "Días entre linea base e inicio de EC
> A en la que participa el productor"
.         }
. }

. 
. //===========================================================================
> ===
. // Order, Notes & Label Data
. //===========================================================================
> ===
. if `OrderNotesLabelData'{
.         // Drop columnas auxiliares antes de ordenar
.         drop nomb_rgn-nomb_dstrt
. 
.         //-------------------------------------------------------------------
> -------
.         // Order Masivo por Bloques Temáticos
.         //-------------------------------------------------------------------
> -------
.         order ///
>         /* B1. Identificadores y periodo                            */ ///
>         Codprod22 codenc post ///
>         /* B2. Fecha y temporales (derivadas de fch_enc)            */ ///
>         fch_enc año_enc mes_enc sem_enc ///
>         /* B3. Estratos y efectos fijos                             */ ///
>         cod_rgn cod_rgn_PE cod_cpb ///
>         /* B4. Centro poblado y producto a evaluar                  */ ///
>         nomb_ccpp asig_ccpp prod_ECA_eval pste_ccpp_lb excl_ccpp ///
>         /* B5. Primera ECA del centro poblado                       */ ///
>         i1aECA* prod_1aECA_ccpp-astn_1aECA_ccpp ///
>         /* B6. Clasificación productor × ECA                        */ ///
>         cumpl_* DentroLista grupo ordenprod qprod casoespec ///
>         /* B7. ECA en la que participa el productor                 */ ///
>         nomb_ccpp_ECA-grad_ECA_prod ///
>         /* B8. Días de exposición                                   */ ///
>         dias_LB_ini_1aECA dias_LB_ini_ECA
. 
.         //-------------------------------------------------------------------
> -------
.         // Label Data y Notas (estructura, unidad de análisis, sufijos, bloqu
> es)
.         //-------------------------------------------------------------------
> -------
.         label data "Características de la observación: identificadores, efect
> os fijos, ECA y exposición | 8 bloques temáticos | últ. ord.: $S_DATE"
note: label truncated to 80 characters
.         capture notes drop _dta
. 
.         note: ESTRUCTURA: 8 bloques. Flujo: identidad -> temporal -> estratos
>  -> tratamiento (CCPP, primera ECA, productor) -> exposición.
.         note: UNIDAD DE ANÁLISIS: productor × periodo (post = 0 LB, post = 1 
> LS). Identificador único = Codprod22.
.         note: SUFIJOS — _enc: derivadas de fch_enc | _ccpp: a nivel centro po
> blado | _ECA: a nivel ECA en la que participa el productor.
. 
.         note: B1 — IDENTIFICADORES Y PERIODO (Codprod22, codenc, post).
.         note: B2 — FECHA Y TEMPORALES: fch_enc + año/mes/semana derivados.
.         note: B3 — ESTRATOS Y EFECTOS FIJOS: región, región × producto evalua
> do, centro poblado.
.         note: B4 — CENTRO POBLADO Y PRODUCTO A EVALUAR: asignación de tratami
> ento al CCPP y producto evaluado.
.         note: B5 — PRIMERA ECA DEL CCPP: variables que describen la primera E
> CA implementada en el CCPP.
.         note: B6 — CLASIFICACIÓN PRODUCTOR × ECA: cumplimiento, presencia en 
> lista, grupo, orden de producto.
.         note: B7 — ECA DEL PRODUCTOR: variables de la ECA en la que efectivam
> ente participa el productor.
.         note: B8 — DÍAS DE EXPOSICIÓN: ventana entre línea base e inicio de l
> a ECA (a nivel CCPP y a nivel productor).
. 
.         // Notas de variable ancla (primera variable de cada bloque)
.         note Codprod22         : ">>> INICIO B1: Identificadores y periodo"
.         note fch_enc           : ">>> INICIO B2: Fecha y temporales"
.         note cod_rgn           : ">>> INICIO B3: Estratos y efectos fijos"
.         note nomb_ccpp         : ">>> INICIO B4: Centro poblado y producto a 
> evaluar"
.         note i1aECA_PE_ccpp    : ">>> INICIO B5: Implementación de primera EC
> A del centro poblado"
.         // B6: la primera variable es cumpl_* (resuelta dinámicamente)
.         qui ds cumpl_*
.         local first_cumpl : word 1 of `r(varlist)'
.         note `first_cumpl'     : ">>> INICIO B6: Clasificación productor × EC
> A"
.         note nomb_ccpp_ECA     : ">>> INICIO B7: ECA del productor"
.         note dias_LB_ini_1aECA : ">>> INICIO B8: Días de exposición"
. }

. 
. //===========================================================================
> ===
. // Save Final Data
. //===========================================================================
> ===
. if `SaveData'{
.         sort Codprod22 post
.         // Limpia tempvars residuales (__000NNN).
.         cap drop __0*
.         compress
  variable año_enc was float now int
  variable mes_enc was float now byte
  variable sem_enc was float now byte
  variable cod_rgn was float now byte
  variable cod_rgn_PE was float now byte
  variable cod_cpb was float now int
  variable dias_LB_ini_1aECA was float now int
  variable dias_LB_ini_ECA was float now int
  (54,540 bytes saved)
.         save "`outc5'\\Caract_Obs_Trat_ECA.dta", replace
file E:/Consultorías/BID/HRC0052956\\1_Data\\Out\5_BDs por grupos de
    vars\\Caract_Obs_Trat_ECA.dta saved
. }

. 
. log close
      name:  <unnamed>
       log:  E:/Consultorías/BID/HRC0052956\\3_Logs\E1_build_obs_chars.log
  log type:  text
 closed on:  12 Aug 2026, 13:05:47
-------------------------------------------------------------------------------
