-------------------------------------------------------------------------------
      name:  <unnamed>
       log:  E:/Consultorías/BID/HRC0052956\\3_Logs\E4_build_crops.log
  log type:  text
 opened on:  12 Aug 2026, 16:29:35
. 
. 
.         frame change all_crops
.         use `varltoimport1' using "`outc4'\\Panel_Cultivos.dta", clear
.         compress
  (0 bytes saved)
. 
.         // Merge de producto a evaluar
.         // El helper GENERA Productor-Producto.dta. Antes no se invocaba desd
> e acá:
.         // el archivo existía en disco de una corrida vieja, así que el merge
.         // funcionaba en la máquina del autor y fallaba en un clon limpio. Se
>  invoca
.         // igual que outliers_pesticide_prices.do más abajo (ver Step de plag
> uicidas).
.         preserve
.         qui do "${ruta_helpers}\make_producer_product.do"
.         restore
.         merge m:1 Codprod22 post using "`outc6'\\Productor-Producto.dta", nog
> en

    Result                      Number of obs
    -----------------------------------------
    Not matched                             1
        from master                         1  
        from using                          0  

    Matched                             6,816  
    -----------------------------------------
.         order prod_ECA_eval, a(nomb_prod_obj)
.         
.         // Identificador Único de Línea de Cultivo
.         egen ppc_id = group(Codprod22 preg101a preg114b1)
.         lab var ppc_id "Identifcador de Linea de Cultivo-Predio"
.         
.         duplicates tag ppc_id post, gen(dup_ppc_id)

Duplicates in terms of ppc_id post
.         sort ppc_id post
.         order Codprod22 preg101a nomb_prod preg114b1 nomb_tipo_cult post dup_
> ppc_id
. }

. 
. //===========================================================================
> ===
. // Step 2: Generar Variables de Producción y Productividad (Nivel Variedad)
. //===========================================================================
> ===
. if `GenVarsProd'{
.         //-------------------------------------------------------------------
> -------
.         // Totales de Producción (Siembra, Cosecha, Venta)
.         //-------------------------------------------------------------------
> -------
.         
.         // Superficie y Unidades Instaladas
.         {
.                 // Hectáreas Sembradas
.                 gen double tot_has_semb_cult_d = preg114d                    
>             if preg114d1==1 
(1,750 missing values generated)
.                 replace tot_has_semb_cult_d = preg114d/10000                 
>     if preg114d1==2 // mt2 a has
(1,353 real changes made)
.                 replace tot_has_semb_cult_d = (preg114d*preg114de)/10000 if p
> reg114d1==3 
(397 real changes made)
.                 bys ppc_id post: egen tot_has_semb_cult_ppc=total(tot_has_sem
> b_cult_d), m
.                 lab var tot_has_semb_cult_ppc "Total de has. sembradas/instal
> ados con el cultivo"
.                 
.                 // Plantas Instaladas (Permanentes)
.                 gen tot_ud_plnts_d = preg114e
(2,592 missing values generated)
.                 bys ppc_id post: egen tot_ud_plnts_ppc = total(tot_ud_plnts_d
> ), m 
(2,592 missing values generated)
.                 lab var tot_ud_plnts_ppc "Total (en ud.) de plantas instalada
> s para el cultivo"
. 
.                 // Plantas en Edad Productiva
.                 gen tot_ud_plnts_eprod_d = 0                    if !mi(tot_ud
> _plnts_ppc)
(2,592 missing values generated)
.                 replace tot_ud_plnts_eprod_d = preg114f if !mi(preg114f)
(3,715 real changes made)
.                 by  ppc_id post: egen tot_ud_plnts_eprod_ppc = total(tot_ud_p
> lnts_eprod_d), m 
(2,592 missing values generated)
.                 lab var tot_ud_plnts_eprod_ppc "Total (en ud.) de plantas en 
> edad productiva"
. 
.                 // Semilla (Transitorios)
.                 gen tot_kg_sem_d = 0                                    if !m
> i(preg114e1)
(4,224 missing values generated)
.                 replace tot_kg_sem_d = preg114e1                if preg114e2=
> =1
(2,051 real changes made)
.                 replace tot_kg_sem_d = preg114e1*1000   if preg114e2==2 // to
> n a kg
(16 real changes made)
.                 replace tot_kg_sem_d = preg114e4                if preg114e2=
> =3 
(363 real changes made)
.                 by  ppc_id post: egen tot_kg_sem_ppc = total(tot_kg_sem_d), m
(4,224 missing values generated)
.                 lab var tot_kg_sem_ppc  "Total (en kg.) de semilla utilizada 
> para el cultivo"
.         }
. 
.         // Estandarización de Unidades de Medida (Data Cleaning)
.         {
.                 // Homogenizar nombres en preg114go
.                 replace preg114go = "ARROBAS"           if regexm(preg114go,"
> ARROBA")
(22 real changes made)
.                 replace preg114go = "ATADOS"            if preg114go=="ATADO"
(1 real change made)
.                 replace preg114go = "BANDEJAS"          if preg114go=="BANDEJ
> A" | preg114go=="BANDEJQ"
(5 real changes made)
.                 replace preg114go = "BATEAS"            if preg114go=="BQAEAS
> "  | preg114go=="VATEAS"
(2 real changes made)
.                 replace preg114go = "CABEZAS"           if inlist(preg114go,"
> CABAZA","CABESAS","CABEZA","CAVEZAS")
(19 real changes made)
.                 replace preg114go = "CAJAS"             if preg114go=="CAJA"
(1 real change made)
.                 replace preg114go = "CAMIONES"          if preg114go=="CAMION
> ADA" | preg114go=="CAMIONADAS"
(2 real changes made)
.                 replace preg114go = "CAMIONETAS"        if preg114go=="CAMION
> ETA"
(2 real changes made)
.                 replace preg114go = "CARGAS"            if preg114go=="CARGA"
(4 real changes made)
.                 replace preg114go = "CIENTOS"           if inlist(preg114go,"
> CIENTAS","CIENTO")
(32 real changes made)
.                 replace preg114go = "COSTALES"          if preg114go=="COSTAL
> "
(1 real change made)
.                 replace preg114go = "JABAS"             if inlist(preg114go,"
> JAVA","JABA","JABAA","JAV","JAVAS")
(20 real changes made)
.                 replace preg114go = "MANTAS"            if preg114go=="MATAS"
(1 real change made)
.                 replace preg114go = "MILLARES"          if preg114go=="MILLAR
> "
(11 real changes made)
.                 replace preg114go = "PACAS"             if preg114go=="PACA"
(2 real changes made)
.                 replace preg114go = "PLASTIQUERAS"      if preg114go=="PLASTI
> QUERA"
(6 real changes made)
.                 replace preg114go = "QUINTALES"         if inlist(preg114go,"
> KINTAL","KINTALES","QUINTAL")
(32 real changes made)
.                 replace preg114go = "RACIMOS"           if preg114go=="RACIMO
> " | preg114go=="RACINO"
(44 real changes made)
.                 replace preg114go = "SACOS"             if regexm(preg114go,"
> ^SACO")
(50 real changes made)
.                 replace preg114go = "TACHOS"            if preg114go=="TACHO"
(4 real changes made)
.                 replace preg114go = "TAPABOCAS"         if preg114go=="TAPABO
> CA"
(1 real change made)
.                 replace preg114go = "TERCIOS"           if preg114go=="TERCIO
> "
(1 real change made)
.                 replace preg114go = "UNIDADES"          if preg114go=="UNIDAD
> " | preg114go=="UNIDADADES"
(4 real changes made)
.                 
.                 // Generar moda por tipo de cultivo y unidad 
.                 bys nomb_tipo_cult preg114go: egen mpreg114ge = mode(preg114g
> e) if preg114go!="", max
(4,145 missing values generated)
.                 replace preg114ge = mpreg114ge if preg114ge<=0
(18 real changes made)
.                 drop mpreg114ge
.                 
.                 // Reemplazos manuales
.                 replace preg114ge = 0.094 if nomb_tipo_cult=="Tangerina" & pr
> eg114go=="UNIDADES"
(1 real change made)
.                 replace preg114ge = 0.125 if nomb_tipo_cult=="Palto"     & pr
> eg114go=="UNIDADES"
(1 real change made)
.                 replace preg114ge = 1     if preg114ge < 0
(5 real changes made)
.         }
. 
.         // Volúmenes de Cosecha/Venta/Autoconsumo
.         {
.                 // Producción Cosechada
.                 gen tot_kg_prod_cose_d = preg114g                            
>            
(1 missing value generated)
.                 replace tot_kg_prod_cose_d = preg114g * 1000            if pr
> eg114g1==2 
(202 real changes made)
.                 replace tot_kg_prod_cose_d = preg114g * preg114ge       if pr
> eg114g1==3
(2,655 real changes made)
.                 replace tot_kg_prod_cose_d = 0                               
>            if mi(tot_kg_prod_cose_d)
(1 real change made)
.                 sort ppc_id post
.                 by ppc_id post: egen long tot_kg_prod_cose_ppc = total(tot_kg
> _prod_cose_d) , m
.                 lab var tot_kg_prod_cose_ppc "Total (en kg.) de producción co
> sechada del cultivo"
.                 
.                 // Ventas Totales
.                 gen tot_kg_prod_vend_d = preg114h1 
(1,045 missing values generated)
.                 replace tot_kg_prod_vend_d = preg114h1 * 1000           if pr
> eg114g1==2
(186 real changes made)
.                 replace tot_kg_prod_vend_d = preg114h1 * preg114ge      if pr
> eg114g1==3
(1,928 real changes made)
.                 replace tot_kg_prod_vend_d = 0                               
>            if mi(tot_kg_prod_vend_d)
(1,045 real changes made)
.                 by  ppc_id post: egen long tot_kg_prod_vend_ppc = total(tot_k
> g_prod_vend_d), m
.                 lab var tot_kg_prod_vend_ppc "Total (en kg.) de producción co
> sechada vendida del cultivo"
.                 
.                 // Ventas: Mercado Nacional
.                 gen tot_kg_prod_vend_MN_d = preg114k
(2,932 missing values generated)
.                 replace tot_kg_prod_vend_MN_d = preg114k * 1000      if preg1
> 14g1==2 
(184 real changes made)
.                 replace tot_kg_prod_vend_MN_d = preg114k * preg114ge if preg1
> 14g1==3
(1,909 real changes made)
.                 replace tot_kg_prod_vend_MN_d = 0                            
> if mi(tot_kg_prod_vend_MN_d)
(2,932 real changes made)
.                 by  ppc_id post: egen long tot_kg_prod_vend_MN_ppc = total(to
> t_kg_prod_vend_MN_d), m
.                 lab var tot_kg_prod_vend_MN_ppc "Total (en kg.) de producción
>  cosechada vendida al mercado nacional"
. 
.                 // Ventas: Mercado Local (dentro de MN)
.                 gen tot_kg_prod_vend_MN_ML_d     = preg114l4
(3,044 missing values generated)
.                 replace tot_kg_prod_vend_MN_ML_d = preg114l4 * 1000      if p
> reg114g1==2
(26 real changes made)
.                 replace tot_kg_prod_vend_MN_ML_d = preg114l4 * preg114ge if p
> reg114g1==3
(499 real changes made)
.                 replace tot_kg_prod_vend_MN_ML_d = 0                         
>             if mi(tot_kg_prod_vend_MN_ML_d)
(3,044 real changes made)
.                 by  ppc_id post: egen long tot_kg_prod_vend_MN_ML_ppc = total
> (tot_kg_prod_vend_MN_ML_d), m
.                 lab var tot_kg_prod_vend_MN_ML_ppc "Total (en kg.) vendida de
> ntro del centro o ferias cercanas"
. 
.                 // Ventas: Mercado Internacional
.                 gen tot_kg_prod_vend_MI_d = preg114k1
(2,932 missing values generated)
.                 replace tot_kg_prod_vend_MI_d = preg114k1 * 1000        if pr
> eg114g1==2 
(2 real changes made)
.                 replace tot_kg_prod_vend_MI_d = preg114k1 * preg114ge   if pr
> eg114g1==3
(21 real changes made)
.                 replace tot_kg_prod_vend_MI_d = 0                            
>            if mi(tot_kg_prod_vend_MI_d)
(2,932 real changes made)
.                 by  ppc_id post: egen long tot_kg_prod_vend_MI_ppc = total(to
> t_kg_prod_vend_MI_d), m
.                 lab var tot_kg_prod_vend_MI_ppc "Total (en kg.) de producción
>  cosechada vendida al mercado internacional"
.                 
.                 // Autoconsumo y otros usos 
.                 forval i =1/6{
  2.                         gen tot_kg_prod_uso_`i'_d = preg114m`i'
  3.                         replace tot_kg_prod_uso_`i'_d = preg114m`i' * 1000
>               if preg114g1==2 
  4.                         replace tot_kg_prod_uso_`i'_d = preg114m`i' * preg
> 114ge         if preg114g1==3
  5.                         replace tot_kg_prod_uso_`i'_d = 0                 
>                               if mi(tot_kg_prod_uso_`i'_d)
  6.                         by  ppc_id post: egen long tot_kg_prod_uso_`i'_ppc
>  = total(tot_kg_prod_uso_`i'_d), m
  7.                 }
(1,045 missing values generated)
(6 real changes made)
(239 real changes made)
(1,045 real changes made)
(1,045 missing values generated)
(19 real changes made)
(1,165 real changes made)
(1,045 real changes made)
(1,045 missing values generated)
(4 real changes made)
(58 real changes made)
(1,045 real changes made)
(1,045 missing values generated)
(20 real changes made)
(150 real changes made)
(1,045 real changes made)
(1,045 missing values generated)
(1 real change made)
(63 real changes made)
(1,045 real changes made)
(1,045 missing values generated)
(4 real changes made)
(122 real changes made)
(1,045 real changes made)
.                 egen long tot_kg_prod_autoc_ppc = rowtotal(tot_kg_prod_uso_*_
> ppc)
.                 lab var tot_kg_prod_autoc_ppc "Total (en kg.) de producción c
> osechada para autoconsumo u otros usos"
.                 
.                 drop *_d tot_kg_prod_uso_*_ppc
.         }
. 
.         //-------------------------------------------------------------------
> -------
.         // Ratios de Productividad/Ventas/Autconsumo
.         //-------------------------------------------------------------------
> -------
.         {
.                 // % Plantas Productivas
.                 gen float pct_plnts_eprod_ppc = (tot_ud_plnts_eprod_ppc/tot_u
> d_plnts_ppc)*100 if tot_ud_plnts_ppc>0
(2,614 missing values generated)
.                 replace pct_plnts_eprod_ppc = 100 if pct_plnts_eprod_ppc>100 
> & !mi(pct_plnts_eprod_ppc)
(2 real changes made)
.                 lab var pct_plnts_eprod_ppc "Porcentaje de plantas en edad pr
> oductiva del cultivo"
.                 
.                 // % Venta sobre Cosecha
.                 gen float pct_prod_cose_vend_ppc = (tot_kg_prod_vend_ppc/tot_
> kg_prod_cose_ppc)*100 if tot_kg_prod_cose_ppc>0
(1,042 missing values generated)
.                 replace pct_prod_cose_vend_ppc = 100 if tot_kg_prod_vend_ppc>
> tot_kg_prod_cose_ppc & !mi(pct_prod_cose_vend_ppc)
(0 real changes made)
.                 lab var pct_prod_cose_vend_ppc "Porcentaje de la producción c
> osechada vendida del cultivo"
. 
.                 // % Mercado Nacional
.                 gen float pct_prod_vend_MN_ppc  = (tot_kg_prod_vend_MN_ppc/to
> t_kg_prod_vend_ppc) * 100 if tot_kg_prod_vend_ppc>0
(2,928 missing values generated)
.                 replace pct_prod_vend_MN_ppc = 100 if pct_prod_vend_MN_ppc>10
> 0 & !mi(pct_prod_vend_MN_ppc)
(0 real changes made)
.                 lab var pct_prod_vend_MN_ppc "Porcentaje de la producción ven
> dida al mercado nacional del cultivo"
. 
.                 // % Mercado Local
.                 gen float pct_prod_vend_MN_ML_ppc = (tot_kg_prod_vend_MN_ML_p
> pc/tot_kg_prod_vend_MN_ppc) * 100 if tot_kg_prod_vend_MN_ppc>0
(3,039 missing values generated)
.                 replace pct_prod_vend_MN_ML_ppc = 100 if pct_prod_vend_MN_ML_
> ppc>100 & !mi(pct_prod_vend_MN_ML_ppc)
(0 real changes made)
.                 lab var pct_prod_vend_MN_ML_ppc "Porcentaje de la producción 
> nacional vendida localmente del cultivo"
. 
.                 // % Mercado Internacional
.                 gen float pct_prod_vend_MI_ppc  = (tot_kg_prod_vend_MI_ppc/to
> t_kg_prod_vend_ppc) * 100 if tot_kg_prod_vend_ppc>0
(2,928 missing values generated)
.                 replace pct_prod_vend_MI_ppc = 100 if pct_prod_vend_MI_ppc>10
> 0 & !mi(pct_prod_vend_MI_ppc) 
(0 real changes made)
.                 lab var pct_prod_vend_MI_ppc "Porcentaje de la producción ven
> dida al mercado internacional del cultivo"
.                 
.                 // % Autoconsumo u otros usos sobre Cosecha
.                 gen float pct_prod_cose_autoc_ppc = (tot_kg_prod_autoc_ppc/to
> t_kg_prod_cose_ppc)*100 if tot_kg_prod_cose_ppc>0
(1,042 missing values generated)
.                 replace pct_prod_cose_autoc_ppc = 100 if tot_kg_prod_autoc_pp
> c>tot_kg_prod_cose_ppc & !mi(pct_prod_cose_autoc_ppc)
(0 real changes made)
.                 lab var pct_prod_cose_autoc_ppc "Porcentaje de la producción 
> cosechada para autoconsumo u otro uso del cultivo"
.                 
.                 // Rendimientos
.                 gen float kgxha_semb_ppc = tot_kg_prod_cose_ppc/tot_has_semb_
> cult_ppc if tot_has_semb_cult_ppc>0
.                 lab var kgxha_semb_ppc  "Rendimiento del cultivo (kg. por ha.
>  sembrada)"
. 
.                 gen float kgx1p_eprod_ppc= tot_kg_prod_cose_ppc/tot_ud_plnts_
> eprod_ppc if tot_ud_plnts_eprod_ppc>0
(3,098 missing values generated)
.                 lab var kgx1p_eprod_ppc "Rendimiento de la planta en edad pro
> ductiva (kg. de cultivo por planta)"
. 
.                 gen float kgxkg_sem_ppc = tot_kg_prod_cose_ppc/tot_kg_sem_ppc
>  if tot_kg_sem_ppc>0
(4,387 missing values generated)
.                 lab var kgxkg_sem_ppc   "Rendimiento de la semilla (kg. de cu
> ltivo por kg. de semilla)"
.         }
.         
.         //-------------------------------------------------------------------
> -------
.         // Ingresos por Venta (con versiones deflactadas a S/. constantes 202
> 1)
.         //-------------------------------------------------------------------
> -------
.         {
.                 by ppc_id post: egen double itot_cult_corr_ppc = total(preg11
> 4h2), m
(2,928 missing values generated)
.                 replace itot_cult_corr_ppc = 0 if tot_kg_prod_vend_ppc==0
(2,928 real changes made)
.                 gen double ixkg_ppc = itot_cult_corr_ppc/tot_kg_prod_vend_ppc
>  if ///
>                         (tot_kg_prod_vend_ppc>0 & !mi(tot_kg_prod_vend_ppc))
(2,928 missing values generated)
.                 drop itot_cult_corr_ppc
.                 lab var ixkg_ppc "Ingreso por kg. (en S/.) de venta del culti
> vo"
. 
.                 gen itot_ppc     = tot_kg_prod_vend_ppc * ixkg_ppc
(2,928 missing values generated)
.                 replace itot_ppc = 0 if tot_kg_prod_vend_ppc==0
(2,928 real changes made)
.                 lab var itot_ppc "Ingreso Total (en S/.) de venta del cultivo
> "
. 
.                 // Deflactado on-the-way (LB sin ajuste; LS dividido por fact
> or_def)
.                 foreach var in ixkg_ppc itot_ppc {
  2.                         local lbl : var lab `var'
  3.                         gen double `var'_def = `var'                      
>  if post == 0
  4.                         replace    `var'_def = `var' / scalar(factor_def) 
>  if post == 1
  5.                         lab var `var'_def "`lbl' (S/. constantes 2021)"
  6.                         order `var'_def, a(`var')
  7.                 }
(4,760 missing values generated)
(1,832 real changes made)
(3,262 missing values generated)
(3,262 real changes made)
.         }
. }

. 
. //===========================================================================
> ===
. // Step 3: Eliminar duplicados a nivel productor-predio-cultivo-periodo (cola
> psar)
. //===========================================================================
> ===
. if `DropDuplicates'{
.         sor ppc_id post preg114o1
.         by      ppc_id post: keep if _n==1
(18 observations deleted)
.         qui count 
.         ass `r(N)'==6799
.         sort ppc_id post
.         drop dup_ppc_id
. }

. 
. //===========================================================================
> ===
. // Step 4: Identificación de Estrategias y Submuestras (Impact Evaluation)
. //===========================================================================
> ===
. // Ubicado entre DropDuplicates y Outliers_Rend para que las variables
. // identificatorias/clasificatorias del browse final (stayer_line, pp_id,
. // tipo_predio) se creen ANTES de las sustantivas y sus capeos/deflactados.
. // No depende de las winsorizaciones (verificado: ningún helper de Outliers
. // usa stayer_line, pp_id, tipo_predio ni vars intermedias). El sub-bloque
. // "Liberar Espacio" original se mantiene al final del Step 5 (Outliers_Rend)
> ,
. // porque dropea pregs que sí se usan dentro de Outliers.
. //===========================================================================
> ===
. if `ClassifySamples'{
.         //-------------------------------------------------------------------
> -------
.         // Identificación de "Stayers" (Líneas Presentes en t0 y t1)
.         //-------------------------------------------------------------------
> -------
.         {
.                 by ppc_id: gen n_obs_ppc  = _N
.                 by ppc_id: gen tiene_pre  = (post[1] == 0)
.                 by ppc_id: gen tiene_post = (post[_N] == 1)
.                 gen stayer_line = (n_obs_ppc == 2 & tiene_pre & tiene_post)
.                 label var stayer_line "S1: Línea Stayer (para Fase 2)"
.         }
. 
.         //-------------------------------------------------------------------
> -------
.         // Contadores a Nivel Predio (Entries & Exits)
.         //-------------------------------------------------------------------
> -------
.         {
.                 gen exit_only  = (n_obs_ppc == 1 & tiene_pre)  // Cultivo exi
> ste en pre, no en post
.                 gen entry_only = (n_obs_ppc == 1 & tiene_post) // Cultivo exi
> ste en post, no en pre
. 
.                 // Identifcador de predio
.                 egen pp_id = group(Codprod22 preg101a)
.                 order pp_id, b(ppc_id)
.                 sort  pp_id
. 
.                 // Contadores
.                 by pp_id: egen n_stayers_predio = total(stayer_line == 1 & po
> st == 0) // Contar 1 vez
.                 by pp_id: egen n_exits_predio   = total(exit_only       == 1)
.                 by pp_id: egen n_entries_predio = total(entry_only      == 1)
.         }
. 
.         //-------------------------------------------------------------------
> -------
.         // Clasificación de Estrategia de Portafolio (Fase 3)
.         //-------------------------------------------------------------------
> -------
.         {
.                 gen tipo_predio = 0
.                 label var tipo_predio "Clasificación del predio para Fase 3"
. 
.                 // T1: Continuador Puro (A -> A)
.                 replace tipo_predio = 1 if n_stayers_predio > 0 & n_exits_pre
> dio == 0 & n_entries_predio == 0
(1,214 real changes made)
. 
.                 // T2: Sustituto Puro (A -> B)
.                 replace tipo_predio = 2 if n_stayers_predio==0 & n_exits_pred
> io>0 & n_entries_predio>0
(1,298 real changes made)
. 
.                 // T3: Abandono (A -> 0)
.                 replace tipo_predio = 3 if n_stayers_predio==0 & n_exits_pred
> io>0 & n_entries_predio==0
(680 real changes made)
. 
.                 // T4: Activador (0 -> A)
.                 replace tipo_predio = 4 if n_stayers_predio==0 & n_exits_pred
> io==0 & n_entries_predio>0
(413 real changes made)
. 
.                 // T5: Diversificador (A -> A, B)
.                 replace tipo_predio = 5 if n_stayers_predio>0 & n_entries_pre
> dio>0 & n_exits_predio==0
(828 real changes made)
. 
.                 // T6: Consolidador (A, B -> A)
.                 replace tipo_predio = 6 if n_stayers_predio>0 & n_entries_pre
> dio==0 & n_exits_predio>0
(847 real changes made)
. 
.                 // T7: Rotación (A, B -> A, C)
.                 replace tipo_predio = 7 if n_stayers_predio>0 & n_exits_predi
> o>0 & n_entries_predio>0
(1,519 real changes made)
. 
.                 label define tpredlbl 0 "Otro/No Clasif" ///
>                                       1 "S1: Continuador Puro (A->A)" ///
>                                       2 "S2: Sustituto Puro (A->B)" ///
>                                       3 "S3: Abandono de Cultivo  (A->0)" ///
>                                       4 "S4: Activador de Cultivo (0->A)" ///
>                                       5 "H1: Diversificador (A->A,B)" ///
>                                       6 "H2: Consolidador    (A,B->A)" ///
>                                       7 "H3: Continuador con rotación (A,B->A
> ,C)"
.                 label values tipo_predio tpredlbl
.                 drop n_* tiene_pre tiene_post exit_only entry_only n_stayers_
> predio     n_exits_predio n_entries_predio
.                 lab var nomb_tipo_cult "Nombre del tipo de cultivo (asociado 
> a su código)"
.         }
. 
.         // Re-establecer sort canónico antes del Step 5 (los helpers de Outli
> ers
.         // y el resto del pipeline asumen ppc_id post).
.         sort ppc_id post
. }

. 
. //===========================================================================
> ===
. // Step 5: Winsorización de Outliers (Rendimientos e Ingresos)
. //===========================================================================
> ===
. if `Outliers_Rend'{
.         //-------------------------------------------------------------------
> -------
.         // Rendimientos (Cultivo, Planta en Edad Productiva y Semilla)
.         //-------------------------------------------------------------------
> -------
.         {
.                 do "${ruta_helpers}\outliers_crop_yields"

. //----------------------------------------------------------------------
. // File           : outliers_crop_yields.do
. // Author         : Carlos Marena
. // Email          : carlosmarena1995@gmail.com
. // Last Mod. Date : 11/04/2026
. // Description    : Detecta y reemplaza outliers en rendimientos de cultivos
. //                  (kgxha, kgx1p, kgxkg_sem) usando MAD con umbral 3.
. //----------------------------------------------------------------------
. sort preg114b1

. foreach v in kgxha_semb_ppc kgx1p_eprod_ppc kgxkg_sem_ppc{
  2.         // 1. Generar variable que cuente el número de obs por cultivo (so
> lo con rend. > 0)
.         by preg114b1: egen counter = count(`v') if `v'!=. & `v'>0
  3. 
.         // 2. Generar variable en logaritmos
.         gen ln_`v' = ln(`v') if `v'!=. & `v'>0
  4. 
.         // 3. Calcular estadísticos robustos dentro de cada cultivo
.         ** 3.1. Mediana
.         by preg114b1: egen med_1 = median(ln_`v')       if !mi(ln_`v') & `v'>
> 0 
  5.         by preg114b1: egen med_2 = median(`v')          if !mi(`v')    & `
> v'>0 
  6. 
.         ** 3.2. MAD (Median Absolute Deviation)
.         gen double abs_dev_1 = abs(ln_`v' - med_1)      if !mi(ln_`v') & `v'>
> 0
  7.         gen double abs_dev_2 = abs(`v' - med_2)         if !mi(`v')    & `
> v'>0
  8.         by preg114b1: egen mad_1 = median(abs_dev_1) if !mi(ln_`v') & `v'>
> 0
  9.         by preg114b1: egen mad_2 = median(abs_dev_2) if !mi(`v')          
>  & `v'>0
 10.         drop abs_dev_*
 11. 
.         // 4. Generar los Z-SCORE modificados y límites sup. e inf. para cape
> ar
.         gen double zmod_1 = .
 12.         gen double zmod_2 = .
 13.         replace zmod_1 =  0.6745*(ln_`v' - med_1)/mad_1         if mad_1>0
>  & !mi(ln_`v',med_1,mad_1)
 14.         replace zmod_2 =  0.6745*(       `v' - med_2)/mad_2     if mad_2>0
>  & !mi(`v',med_2,mad_2)
 15.         gen double ln_hi = med_1 + (3.5/0.6745)*mad_1   if !mi(med_1,mad_1
> )
 16.         gen double ln_lo = med_1 - (3.5/0.6745)*mad_1   if !mi(med_1,mad_1
> )
 17.         gen double hi    = med_2 + (3.5/0.6745)*mad_2   if !mi(med_2,mad_2
> )
 18.         gen double lo    = med_2 - (3.5/0.6745)*mad_2   if !mi(med_2,mad_2
> )
 19.         // Nota: 0.6745 normaliza el MAD para que sea comparable con la de
> svest bajo 
.         // normalidad (pero sin requerir que los datos sean normales)
. 
.         // 5. "Flaggear" outliers mayores/menores a criterio robusto (z-modif
> icado de 3.5)
.         gen flag_out1_35        = 0 if !mi(ln_`v') & `v'>0
 20.         gen flag_out2_35        = 0 if !mi(`v') & `v'>0
 21.         replace flag_out1_35 = 1 if abs(zmod_1)>3.5 & !mi(zmod_1)
 22.         replace flag_out2_35 = 1 if abs(zmod_2)>3.5 & !mi(zmod_2)
 23. 
.         // 6. Crear precios winsorizosados e imputando con missings a outlier
> s
.         // Winsorización 1 y 2:
.         // Capar en el umbral robusto (mediana ± (3.5/0.6745)*MAD) retransfor
> mado en niveles para wz1,
.         // y en niveles para wz2, si > 10 obs en el cultivo.
.         // Imputar mediana a outliers de var. en logs (1) y en niveles (2) si
>  <= 10 obs en el cultivo
.         gen double `v'_wz1 = .
 24.         gen double `v'_wz2 = .
 25.         gen double `v'_mis = .
 26. 
.         // Capar en el umbral robusto si hay más de 10 obs.
.         replace `v'_wz1 = exp(ln_lo)    if flag_out1_35==1 & zmod_1<0 & count
> er>10 & mad_1>0
 27.         replace `v'_wz2 = lo                    if flag_out2_35==1 & zmod_
> 2<0 & counter>10 & mad_2>0
 28.         replace `v'_wz1 = exp(ln_hi)    if flag_out1_35==1 & zmod_1>0 & co
> unter>10 & mad_1>0
 29.         replace `v'_wz2 = hi                    if flag_out2_35==1 & zmod_
> 2>0 & counter>10 & mad_2>0
 30. 
.         // Imputar mediana si hay 10 o menos obs
.         replace `v'_wz1 = med_2         if flag_out1_35==1 & counter<=10 
 31.         replace `v'_wz2 = med_2         if flag_out2_35==1 & counter<=10 
 32. 
.         // Reemplazar los demás casos con la variable original 
.         replace `v'_wz1 = `v' if mi(`v'_wz1)
 33.         replace `v'_wz2 = `v' if mi(`v'_wz2)
 34. 
.         // Imputar missing cuando se detecta como outlier con la var en logs 
> o niveles 
.         replace `v'_mis = `v' if flag_out1_35!=1 & flag_out2_35!=1
 35.         
.         // 7. Eliminar las variables que no usaremos
.         drop counter ln_* hi lo med_* mad_* zmod_* flag_*
 36.         
.         // 8. Ordenar las variables creadas
.         order `v'_wz1, a(`v')
 37.         order `v'_wz2, a(`v'_wz1)
 38.         order `v'_mis, a(`v'_wz2)
 39. }
(1,041 missing values generated)
(1,041 missing values generated)
(1,041 missing values generated)
(1,041 missing values generated)
(1,041 missing values generated)
(1,041 missing values generated)
(1,041 missing values generated)
(1,041 missing values generated)
(6,799 missing values generated)
(6,799 missing values generated)
(5,721 real changes made)
(5,721 real changes made)
(1,041 missing values generated)
(1,041 missing values generated)
(1,041 missing values generated)
(1,041 missing values generated)
(1,041 missing values generated)
(1,041 missing values generated)
(36 real changes made)
(531 real changes made)
(6,799 missing values generated)
(6,799 missing values generated)
(6,799 missing values generated)
(29 real changes made)
(0 real changes made)
(3 real changes made)
(508 real changes made)
(4 real changes made)
(23 real changes made)
(6,763 real changes made)
(6,268 real changes made)
(6,238 real changes made)
(3,306 missing values generated)
(3,306 missing values generated)
(3,306 missing values generated)
(3,306 missing values generated)
(3,306 missing values generated)
(3,306 missing values generated)
(3,306 missing values generated)
(3,306 missing values generated)
(6,799 missing values generated)
(6,799 missing values generated)
(3,485 real changes made)
(3,485 real changes made)
(3,306 missing values generated)
(3,306 missing values generated)
(3,306 missing values generated)
(3,306 missing values generated)
(3,306 missing values generated)
(3,306 missing values generated)
(76 real changes made)
(247 real changes made)
(6,799 missing values generated)
(6,799 missing values generated)
(6,799 missing values generated)
(50 real changes made)
(0 real changes made)
(21 real changes made)
(239 real changes made)
(5 real changes made)
(8 real changes made)
(3,628 real changes made)
(3,457 real changes made)
(3,406 real changes made)
(4,657 missing values generated)
(4,657 missing values generated)
(4,657 missing values generated)
(4,657 missing values generated)
(4,657 missing values generated)
(4,657 missing values generated)
(4,657 missing values generated)
(4,657 missing values generated)
(6,799 missing values generated)
(6,799 missing values generated)
(2,120 real changes made)
(2,120 real changes made)
(4,657 missing values generated)
(4,657 missing values generated)
(4,657 missing values generated)
(4,657 missing values generated)
(4,657 missing values generated)
(4,657 missing values generated)
(53 real changes made)
(221 real changes made)
(6,799 missing values generated)
(6,799 missing values generated)
(6,799 missing values generated)
(29 real changes made)
(0 real changes made)
(22 real changes made)
(208 real changes made)
(2 real changes made)
(13 real changes made)
(2,375 real changes made)
(2,207 real changes made)
(2,177 real changes made)

. sort ppc_id post

. 
end of do-file
.                 // Kilogramo cosechado por hectárea sembradas/instalados
.                 lab var kgxha_semb_ppc_wz1 "Rendimiento del cultivo (kg/ha) -
>  capeo 1 (logs)"
.                 lab var kgxha_semb_ppc_wz2 "Rendimiento del cultivo (kg/ha) -
>  capeo 2 (nivs)"
.                 lab var kgxha_semb_ppc_mis "Rendimiento del cultivo (kg/ha) -
>  outliers a missings"
. 
.                 // Kilogramo cosechado por planta en edad productiva
.                 lab var kgx1p_eprod_ppc_wz1     "Rendimiento de la planta en 
> eprod (kg. de cultivo por planta) - capeo 1 (var en logs)"
note: label truncated to 80 characters
.                 lab var kgx1p_eprod_ppc_wz2     "Rendimiento de la planta en 
> eprod (kg. de cultivo por planta) - capeo 2 (var en nivs)"
note: label truncated to 80 characters
.                 lab var kgx1p_eprod_ppc_mis     "Rendimiento de la planta en 
> eprod (kg. de cultivo por planta) - outliers a missings"
note: label truncated to 80 characters
. 
.                 // Kilogramo cosechado por kilogramo de semilla cultivada
.                 lab var kgxkg_sem_ppc_wz1       "Rendimiento de la semilla (k
> g. de cultivo por kg. de semilla) - capeo 1 (var en logs)"
note: label truncated to 80 characters
.                 lab var kgxkg_sem_ppc_wz2       "Rendimiento de la semilla (k
> g. de cultivo por kg. de semilla) - capeo 2 (var en nivs)"
note: label truncated to 80 characters
.                 lab var kgxkg_sem_ppc_mis       "Rendimiento de la semilla (k
> g. de cultivo por kg. de semilla) - outliers a missings"
note: label truncated to 80 characters
.                 order kgxha_semb_ppc_wz1-kgxha_semb_ppc_mis,    a(kgxha_semb_
> ppc)
.                 order kgx1p_eprod_ppc_wz1-kgx1p_eprod_ppc_mis,  a(kgx1p_eprod
> _ppc)
.                 order kgxkg_sem_ppc_wz1-kgxkg_sem_ppc_mis,              a(kgx
> kg_sem_ppc)
.         }
.         //-------------------------------------------------------------------
> -------
.         // Ingresos por Venta en S/. (Totales, por Kg. de Cultivo, por Ha. de
.         // Cultivo Sembrada)
.         //-------------------------------------------------------------------
> -------
.         {
.                 do "${ruta_helpers}\outliers_crop_prices"

. //----------------------------------------------------------------------
. // File           : outliers_crop_prices.do
. // Author         : Carlos Marena
. // Email          : carlosmarena1995@gmail.com
. // Last Mod. Date : 11/04/2026
. // Description    : Detecta y reemplaza outliers en precios de cultivos
. //                  (ixkg_ppc) usando el metodo de Median Absolute Deviation
. //                  (MAD) con umbral 3.
. //----------------------------------------------------------------------
. 
. // Preliminares:
. // 0. Arreglar la data en función a los valores del código del cultivo y pre-
> post
. // 1. Generar una variable que cuente el número de obs por cultivo con precio
> s
. sort preg114b1 post

. by preg114b1 post: egen counter = count(ixkg_ppc) if ixkg_ppc!=.
(2,925 missing values generated)

. 
. // 1. Generar variable en logaritmos
. gen ln_ixkg_ppc = ln(ixkg_ppc)
(2,932 missing values generated)

. 
. // 2. Calcular estadísticos robustos dentro de cada cultivo
. ** 2.1. Mediana
. by preg114b1 post: egen med_1 = median(ln_ixkg_ppc)     if !mi(ln_ixkg_ppc)
(2,932 missing values generated)

. by preg114b1 post: egen med_2 = median(ixkg_ppc)                if !mi(ixkg_p
> pc)
(2,925 missing values generated)

. 
. ** 2.2. MAD (Median Absolute Deviation)
. gen double abs_dev_1 = abs(ln_ixkg_ppc - med_1)
(2,932 missing values generated)

. gen double abs_dev_2 = abs(ixkg_ppc - med_2)
(2,925 missing values generated)

. by preg114b1 post: egen mad_1 = median(abs_dev_1) if !mi(ln_ixkg_ppc)
(2,932 missing values generated)

. by preg114b1 post: egen mad_2 = median(abs_dev_2) if !mi(ixkg_ppc)
(2,925 missing values generated)

. drop abs_dev_*

. 
. // 3. Generar los Z-SCORE modificados y límites sup. e inf. para capear
. gen double zmod_1 = .
(6,799 missing values generated)

. gen double zmod_2 = .
(6,799 missing values generated)

. replace zmod_1 =  0.6745*(ln_ixkg_ppc - med_1)/mad_1    if mad_1>0 & !mi(ln_i
> xkg_ppc,med_1,mad_1)
(3,804 real changes made)

. replace zmod_2 =  0.6745*(       ixkg_ppc - med_2)/mad_2        if mad_2>0 & 
> !mi(ixkg_ppc,med_2,mad_2)
(3,835 real changes made)

. gen double ln_hi = med_1 + (3.5/0.6745)*mad_1   if !mi(med_1,mad_1)
(2,932 missing values generated)

. gen double ln_lo = med_1 - (3.5/0.6745)*mad_1   if !mi(med_1,mad_1)
(2,932 missing values generated)

. gen double hi    = med_2 + (3.5/0.6745)*mad_2   if !mi(med_2,mad_2)
(2,925 missing values generated)

. gen double lo    = med_2 - (3.5/0.6745)*mad_2   if !mi(med_2,mad_2)
(2,925 missing values generated)

. // Nota: 0.6745 normaliza el MAD para que sea comparable con la desvest bajo 
. // normalidad (pero sin requerir que los datos sean normales)
. 
. // 4. "Flaggear" outliers mayores/menores a criterio robusto (z-modificado de
>  3.5)
. gen flag_out1_35        = 0 if !mi(ln_ixkg_ppc)
(2,932 missing values generated)

. gen flag_out2_35        = 0 if !mi(ixkg_ppc)
(2,925 missing values generated)

. replace flag_out1_35 = 1 if abs(zmod_1)>3.5 & !mi(zmod_1)
(241 real changes made)

. replace flag_out2_35 = 1 if abs(zmod_2)>3.5 & !mi(zmod_2)
(254 real changes made)

. 
. // 5. Crear precios winsorizosados e imputando con missings a outliers
. // Winsorización 1 y 2:
. // Capar en el umbral robusto (mediana ± (3.5/0.6745)*MAD) retransformado en 
> niveles para wz1,
. // y en niveles para wz2, si > 10 obs en el cultivo.
. // Imputar mediana a outliers de var. en logs (1) y en niveles (2) si <= 10 o
> bs en el cultivo
. gen double ixkg_ppc_wz1 = .
(6,799 missing values generated)

. gen double ixkg_ppc_wz2 = .
(6,799 missing values generated)

. gen double ixkg_ppc_mis = .
(6,799 missing values generated)

. 
. // Capar en el umbral robusto si hay más de 10 obs.
. replace ixkg_ppc_wz1 = exp(ln_lo)       if flag_out1_35==1 & zmod_1<0 & count
> er>10 & mad_1>0
(136 real changes made)

. replace ixkg_ppc_wz2 = lo                       if flag_out2_35==1 & zmod_2<0
>  & counter>10 & mad_2>0
(27 real changes made)

. replace ixkg_ppc_wz1 = exp(ln_hi)       if flag_out1_35==1 & zmod_1>0 & count
> er>10 & mad_1>0
(95 real changes made)

. replace ixkg_ppc_wz2 = hi                       if flag_out2_35==1 & zmod_2>0
>  & counter>10 & mad_2>0
(210 real changes made)

. 
. // Imputar mediana si hay 10 o menos obs
. replace ixkg_ppc_wz1 = med_2    if flag_out1_35==1 & counter<=10 
(10 real changes made)

. replace ixkg_ppc_wz2 = med_2    if flag_out2_35==1 & counter<=10 
(17 real changes made)

. 
. // Reemplazar los demás casos con la variable original 
. replace ixkg_ppc_wz1 = ixkg_ppc if mi(ixkg_ppc_wz1)
(3,633 real changes made)

. replace ixkg_ppc_wz2 = ixkg_ppc if mi(ixkg_ppc_wz2)
(3,620 real changes made)

. 
. // Imputar missing cuando se detecta como outlier con la var en logs o nivele
> s 
. replace ixkg_ppc_mis = ixkg_ppc if flag_out1_35!=1 & flag_out2_35!=1 
(3,507 real changes made)

. 
. // 6. Eliminar las variables que no usaremos
. drop counter ln_* hi lo med_* mad_* zmod_* flag_*

. sort ppc_id post

. 
end of do-file
. 
.                 gen     itot_ppc_wz1 = tot_kg_prod_vend_ppc * ixkg_ppc_wz1
(2,925 missing values generated)
.                 replace itot_ppc_wz1 = 0 if itot_ppc==0
(2,925 real changes made)
.                 gen     itot_ppc_wz2 = tot_kg_prod_vend_ppc * ixkg_ppc_wz2
(2,925 missing values generated)
.                 replace itot_ppc_wz2 = 0 if itot_ppc==0
(2,925 real changes made)
.                 gen     itot_ppc_mis = tot_kg_prod_vend_ppc * ixkg_ppc_mis
(3,292 missing values generated)
.                 replace itot_ppc_mis = 0 if itot_ppc==0
(2,925 real changes made)
.                 gen     ixha_ppc         = itot_ppc/tot_has_semb_cult_ppc
.                 gen     ixha_ppc_wz1 = itot_ppc_wz1/tot_has_semb_cult_ppc
.                 gen     ixha_ppc_wz2 = itot_ppc_wz2/tot_has_semb_cult_ppc
.                 gen     ixha_ppc_mis = itot_ppc_mis/tot_has_semb_cult_ppc
(367 missing values generated)
. 
.                 // Ingreso Total de Venta (winsorizado)
.                 lab var itot_ppc_wz1 "Ingreso Total (en S/.) de venta del cul
> tivo - capeo 1 (var de ixkg en logs)"
.                 lab var itot_ppc_wz2 "Ingreso Total (en S/.) de venta del cul
> tivo - capeo 2 (var de ixkg en nivs)"
.                 lab var itot_ppc_mis "Ingreso Total (en S/.) de venta del cul
> tivo - outliers a missings"
.                 // Precio de Venta (winsorizado)
.                 lab var ixkg_ppc_wz1 "Ingreso por kg. (en S/.) de venta del c
> ultivo - capeo 1 (logs)"
.                 lab var ixkg_ppc_wz2 "Ingreso por kg. (en S/.) de venta del c
> ultivo - capeo 2 (var en nivs)"
.                 lab var ixkg_ppc_mis "Ingreso por kg. (en S/.) de venta del c
> ultivo - outliers a missings"
.                 // Ingreso por Hectárea sembrada (winsorizado)
.                 lab var ixha_ppc         "Ingreso Bruto por hectárea sembrada
>  de cultivo (soles x ha.)"
.                 lab var ixha_ppc_wz1 "Ingreso Bruto por hectárea sembrada de 
> cultivo (soles x ha.) - capeo 1 (var de ikg en logs)"
note: label truncated to 80 characters
.                 lab var ixha_ppc_wz2 "Ingreso Bruto por hectárea sembrada de 
> cultivo (soles x ha.) - capeo 2 (var de ixkg en nivs)"
note: label truncated to 80 characters
.                 lab var ixha_ppc_mis "Ingreso Bruto por hectárea sembrada de 
> cultivo (soles x ha.) - outliers a missings"
note: label truncated to 80 characters
. 
.                 order ixkg_ppc_wz1-ixkg_ppc_mis,        a(ixkg_ppc)
.                 order itot_ppc_wz1-itot_ppc_mis,        a(itot_ppc)
.                 order ixha_ppc-ixha_ppc_mis,            a(itot_ppc_mis)
. 
.                 // Deflactado on-the-way (precios e ingresos winsorizados + p
> or hectárea)
.                 foreach var in ixkg_ppc_wz1 ixkg_ppc_wz2 ixkg_ppc_mis ///
>                                itot_ppc_wz1 itot_ppc_wz2 itot_ppc_mis ///
>                                ixha_ppc ixha_ppc_wz1 ixha_ppc_wz2 ixha_ppc_mi
> s {
  2.                         local lbl : var lab `var'
  3.                         gen double `var'_def = `var'                      
> if post == 0
  4.                         replace    `var'_def = `var' / scalar(factor_def) 
> if post == 1
  5.                         lab var `var'_def "`lbl' (S/. constantes 2021)"
  6.                         order `var'_def, a(`var')
  7.                 }
(4,752 missing values generated)
(1,827 real changes made)
note: label truncated to 80 characters
(4,752 missing values generated)
(1,827 real changes made)
note: label truncated to 80 characters
(4,937 missing values generated)
(1,645 real changes made)
note: label truncated to 80 characters
(3,254 missing values generated)
(3,254 real changes made)
note: label truncated to 80 characters
(3,254 missing values generated)
(3,254 real changes made)
note: label truncated to 80 characters
(3,439 missing values generated)
(3,072 real changes made)
note: label truncated to 80 characters
(3,254 missing values generated)
(3,254 real changes made)
note: label truncated to 80 characters
(3,254 missing values generated)
(3,254 real changes made)
note: label truncated to 80 characters
(3,254 missing values generated)
(3,254 real changes made)
note: label truncated to 80 characters
(3,439 missing values generated)
(3,072 real changes made)
note: label truncated to 80 characters
.         }
. 
.         //-------------------------------------------------------------------
> -------
.         // Liberar Espacio (drop de pregs ya no usadas + compress)
.         //-------------------------------------------------------------------
> -------
.         // Originalmente al final del Step 5 (ClassifySamples). Movido aquí p
> orque
.         // el drop preg114b-preg114l4 elimina variables que sí se usan dentro
>  de
.         // Outliers (los helpers leen preg114b1, preg114g1, preg114ge, etc.) 
> y
.         // porque ClassifySamples ya no las necesita (depende solo de ppc_id/
> post).
.         //-------------------------------------------------------------------
> -------
.         {
.                 sort ppc_id post
.                 drop preg114b-preg114l4
.                 compress
  variable pp_id was float now int
  variable ppc_id was float now int
  variable stayer_line was float now byte
  variable tipo_predio was float now byte
  (67,990 bytes saved)
.         }
. }

. 
. //===========================================================================
> ===
. // Step 6: Valor de la Producción Cosechada (insumo para gasto alquiler %prod
> )
. //===========================================================================
> ===
. // Propósito: Cuantificar en S/. el valor total de la producción cosechada po
> r
. // cultivo y predio, para poder valorizar el pago de alquiler reportado como
. // porcentaje de la producción (preg107b) en el script E5_build_farm.do.
. //===========================================================================
> ===
. if `GenValorProd'{
.         frame change all_crops
. 
.         //-------------------------------------------------------------------
> -------
.         // Precio por kg. con imputación (mediana por tipo de cultivo × perio
> do si
.         // no hubo venta del cultivo)
.         //-------------------------------------------------------------------
> -------
.         bys nomb_tipo_cult post: egen double _p_med = median(ixkg_ppc)
(120 missing values generated)
.         gen double ixkg_ppc_imp = cond(!mi(ixkg_ppc), ixkg_ppc, _p_med)
(120 missing values generated)
.         drop _p_med
.         lab var ixkg_ppc_imp "Ingreso por kg. (S/.) del cultivo imputado (med
> iana por tipo × periodo)"
. 
.         //-------------------------------------------------------------------
> -------
.         // Valor total de la producción cosechada del cultivo
.         //-------------------------------------------------------------------
> -------
.         gen double vtot_cose_ppc = tot_kg_prod_cose_ppc * ixkg_ppc_imp
(120 missing values generated)
.         replace vtot_cose_ppc = 0 if tot_kg_prod_cose_ppc==0
(33 real changes made)
.         lab var vtot_cose_ppc "Valor Total (S/.) de la producción cosechada d
> el cultivo"
. 
.         //-------------------------------------------------------------------
> -------
.         // Agregación a nivel predio × periodo (suma sobre cultivos del predi
> o)
.         //-------------------------------------------------------------------
> -------
.         bys pp_id post: egen double vtot_cose_pp = total(vtot_cose_ppc), m
(21 missing values generated)
.         lab var vtot_cose_pp "Valor Total (S/.) producción cosechada del pred
> io (suma cultivos)"
.         drop ixkg_ppc_imp
. }

. 
. //===========================================================================
> ===
. // Step 7 (Cultivo Principal): Plagas y Eventos)
. //===========================================================================
> ===
. if `GenVarsPlagas'{
.         frame copy all_crops main_crops, replace
(note: frame main_crops not found)
.         frame change main_crops
.         
.         //-------------------------------------------------------------------
> -------
.         // Identificar Cultivo Principal y Colapsar Data
.         //-------------------------------------------------------------------
> -------
.         {       
.                 lab de sino 1 "Sí" 0 "No" 
.                 gen culp_ppc:sino = (!mi(preg114o1) | !mi(preg114o2) | !mi(pr
> eg114o88)) 
.                 lab var culp_ppc "1 Si es cultivo principal"
.                 keep if culp_ppc==1
(4,041 observations deleted)
.                 drop culp_ppc
.         }
.         
.         //-------------------------------------------------------------------
> -------
.         // Indicadores de Afectación del Cultivo Principal
.         //-------------------------------------------------------------------
> -------
.         {
.                 gen afct_plga_culp_ppc:sino = preg114o1==1
.                 lab var afct_plga_culp_ppc "Alguna plaga afectó al cultivo pr
> incipal"
. 
.                 gen afct_evi_culp_ppc:sino = preg114o2==1
.                 lab var afct_evi_culp_ppc "Algún evento inesperado afectó al 
> cultivo principal"
.         }
.         
.         //-------------------------------------------------------------------
> -------
.         // Plagas y Eventos (Totales) del Cultivo Principal
.         //-------------------------------------------------------------------
> -------
.         {
.                 egen tot_plgas_culp_ppc = rowtotal(preg114p1-preg114p61)
.                 lab var tot_plgas_culp_ppc "Total de plagas que afectaron al 
> cultivo principal"
. 
.                 egen tot_evi_culp_ppc = rowtotal(preg114t1-preg114t9)
.                 lab var tot_evi_culp_ppc "Total de eventos inesperados que af
> ectaron al cultivo principal"
.         }
. }

. 
. //===========================================================================
> ===
. // Step 8 (Cultivo Principal): Insumos Químicos y Orgánicos (Plaguicidas y
. // Fertilizantes)
. //===========================================================================
> ===
. if `GenVarsInsm'{
.         
.         //-------------------------------------------------------------------
> -------
.         // Limpieza y Cálculo de Gasto en Plaguicidas (Lógica Externa)
.         //-------------------------------------------------------------------
> -------
.         {               
.                 // Corregir nombres de Plaguicidas
.                 qui do "${ruta_helpers}\clean_pesticide_names.do"
.                 frame copy main_crops plaguicds, replace
(note: frame plaguicds not found)
.                 frame change plaguicds
.                 keep Codprod22-post preg114x1_1 ///
>                         preg114y1a preg114y1b preg114y1c preg114y1e preg114y1
> ee preg114y1f ///
>                         preg114z1a preg114z1b preg114z1c preg114z1e preg114z1
> ee preg114z1f ///
>                         *_1 *_2 *_3 *_4 *_5
.                 
.                 // Calcular Outliers de medidas de uso y gasto en Plaguicidas
.                 qui do "${ruta_helpers}\outliers_pesticide_prices.do"
.                 use "`outc6'\\Totales_plag_en_lt_x_cultivo.dta", clear
.                 merge 1:1 Codprod22-post using "`outc6'\\Totales_plag_en_kg_x
> _cultivo.dta", nogen

    Result                      Number of obs
    -----------------------------------------
    Not matched                         1,062
        from master                       902  
        from using                        160  

    Matched                               210  
    -----------------------------------------
.                 sort Codprod22-post
. 
.                 // Agregar Gastos Totales
.                 egen gtot_plag_culp_ppc     = rowtotal(ctot_lts_plag_culp cto
> t_kgs_plag_culp) , m
.                 egen gtot_plag_wz1_culp_ppc = rowtotal(ctot_lts_plag_wz1_culp
>  ctot_kgs_plag_wz1_culp) , m
.                 egen gtot_plag_wz2_culp_ppc = rowtotal(ctot_lts_plag_wz2_culp
>  ctot_kgs_plag_wz2_culp) , m
.                 egen gtot_plag_mis_culp_ppc = rowtotal(ctot_lts_plag_mis_culp
>  ctot_kgs_plag_mis_culp) , m
(83 missing values generated)
.                 drop ct*s_*
. 
.                 lab var gtot_plag_culp_ppc              "Gasto Total (en S/.)
>  en plaguicida en el cultivo principal"
.                 lab var gtot_plag_wz1_culp_ppc  "Gasto Total (en S/.) en plag
> uicida en el cultivo principal - capeo 1 (var en logs)"
note: label truncated to 80 characters
.                 lab var gtot_plag_wz2_culp_ppc  "Gasto Total (en S/.) en plag
> uicida en el cultivo principal - capeo 2 (var en nivs)"
note: label truncated to 80 characters
.                 lab var gtot_plag_mis_culp_ppc  "Gasto Total (en S/.) en plag
> uicida en el cultivo principal - outliers a missings"
. 
.                 // Deflactado on-the-way (en frame plaguicds; main_crops here
> da vía frget)
.                 foreach var in gtot_plag_culp_ppc gtot_plag_wz1_culp_ppc ///
>                                gtot_plag_wz2_culp_ppc gtot_plag_mis_culp_ppc 
> {
  2.                         local lbl : var lab `var'
  3.                         gen double `var'_def = `var'                      
> if post == 0
  4.                         replace    `var'_def = `var' / scalar(factor_def) 
> if post == 1
  5.                         lab var `var'_def "`lbl' (S/. constantes 2021)"
  6.                         order `var'_def, a(`var')
  7.                 }
(614 missing values generated)
(614 real changes made)
(614 missing values generated)
(614 real changes made)
note: label truncated to 80 characters
(614 missing values generated)
(614 real changes made)
note: label truncated to 80 characters
(664 missing values generated)
(581 real changes made)
note: label truncated to 80 characters
. 
.                 compress
  (0 bytes saved)
. 
.                 // Volver al frame principal y unir
.                 frame change main_crops
.                 frlink 1:1 Codprod22 preg101a preg114b1 post, frame(plaguicds
> )
(1,486 observations in frame main_crops unmatched)
.                 frget _all, from(plaguicds)
(variables not copied from linked frame: Codprod22 preg101a preg114b1 post)
(1,646 missing values generated)
(2,388 missing values generated)
(1,486 missing values generated)
(1,486 missing values generated)
(1,486 missing values generated)
(1,486 missing values generated)
(1,486 missing values generated)
(1,486 missing values generated)
(1,569 missing values generated)
(1,569 missing values generated)
(10 variables copied from linked frame)
.                 drop codprod preg114o1-preg114v preg114x2a_1-preg114x4_5 plag
> uicds
.         }
. 
.         //-------------------------------------------------------------------
> -------
.         // Indicadores de Uso y Volúmenes (Químicos y Orgánicos)
.         //-------------------------------------------------------------------
> -------
.         {
.                 // Dummies de Uso
.                 gen usa_plag_culp_ppc:sino = (preg114x1_1==1) 
.                 gen usa_aboo_culp_ppc:sino = (preg114y1a==1) 
.                 gen usa_aboq_culp_ppc:sino = (preg114z1a==1) 
. 
.                 lab var usa_plag_culp_ppc  "Usa plaguicida (fungui., herbi., 
> insecti. o nemati.) en el cultivo principal"
.                 lab var usa_aboo_culp_ppc  "Usa abono orgánico/natural en el 
> cultivo principal"
.                 lab var usa_aboq_culp_ppc  "Usa abono químico en el cultivo p
> rincipal"
.                 drop preg114x1_* 
.                 
.                 // Ajuste de Ceros en Plaguicidas
.                 order kg_plag_culp_ppc lt_plag_culp_ppc gtot_plag_*, a(usa_pl
> ag_culp_ppc)
.                 replace kg_plag_culp_ppc        = 0 if usa_plag_culp_ppc==0
(1,485 real changes made)
.                 replace lt_plag_culp_ppc        = 0 if usa_plag_culp_ppc==0  
>    
(1,485 real changes made)
.                 replace gtot_plag_culp_ppc      = 0 if usa_plag_culp_ppc==0
(1,485 real changes made)
.                 replace gtot_plag_wz1_culp_ppc  = 0 if usa_plag_culp_ppc==0
(1,485 real changes made)
.                 replace gtot_plag_wz2_culp_ppc  = 0 if usa_plag_culp_ppc==0
(1,485 real changes made)
.                 replace gtot_plag_mis_culp_ppc  = 0 if usa_plag_culp_ppc==0
(1,485 real changes made)
. 
.                 // Abono Orgánico (Kilos, Litros, Gasto)
.                 destring preg114y1e, replace 
preg114y1e: all characters numeric; replaced as double
(2100 missing values generated)
.                 gen     kg_aboo_culp_ppc = preg114y1b   if preg114y1c==1
(2,068 missing values generated)
.                 replace kg_aboo_culp_ppc = preg114y1e   if mi(kg_aboo_culp_pp
> c) & preg114y1ee==1
(646 real changes made)
.                 replace kg_aboo_culp_ppc = 0                    if usa_aboo_c
> ulp_ppc==0
(1,391 real changes made)
.                 
.                 gen     lt_aboo_culp_ppc = preg114y1b   if preg114y1c==2
(2,739 missing values generated)
.                 replace lt_aboo_culp_ppc = preg114y1e   if mi(lt_aboo_culp_pp
> c) & preg114y1ee==2
(12 real changes made)
.                 replace lt_aboo_culp_ppc = 0                    if usa_aboo_c
> ulp_ppc==0
(1,391 real changes made)
.                 replace lt_aboo_culp_ppc = .                    if lt_aboo_cu
> lp_ppc==50000 // reemplazo manual por outlier extremo (ver como incluir luego
>  en script de outliers)
(1 real change made, 1 to missing)
. 
.                 gen     gtot_aboo_culp_ppc = preg114y1f
(1,391 missing values generated)
.                 replace gtot_aboo_culp_ppc = 0                  if usa_aboo_c
> ulp_ppc==0
(1,391 real changes made)
.                 
.                 lab var kg_aboo_culp_ppc        "Kilos de abono orgánico/natu
> ral empleados en el cultivo principal"
.                 lab var lt_aboo_culp_ppc        "Litros de abono orgánico/nat
> ural empleados en el cultivo principal"
.                 lab var gtot_aboo_culp_ppc      "Gasto Total (en S/.) en abon
> o orgánico/natural en el cultivo principal"
. 
.                 order kg_aboo_culp_ppc-gtot_aboo_culp_ppc, a(usa_aboo_culp_pp
> c)
.                 drop preg114y*
. 
.                 // Deflactado on-the-way (gasto en abono orgánico)
.                 local lbl : var lab gtot_aboo_culp_ppc
.                 gen double gtot_aboo_culp_ppc_def = gtot_aboo_culp_ppc       
>                if post == 0
(1,282 missing values generated)
.                 replace    gtot_aboo_culp_ppc_def = gtot_aboo_culp_ppc / scal
> ar(factor_def) if post == 1
(1,282 real changes made)
.                 lab var gtot_aboo_culp_ppc_def "`lbl' (S/. constantes 2021)"
note: label truncated to 80 characters
.                 order gtot_aboo_culp_ppc_def, a(gtot_aboo_culp_ppc)
.                 
.                 // Abono Químico (Kilos, Litros, Gasto)
.                 destring preg114z1e, replace 
preg114z1e: all characters numeric; replaced as double
(2306 missing values generated)
.                 gen     kg_aboq_culp_ppc = preg114z1b if preg114z1c==1
(2,208 missing values generated)
.                 replace kg_aboq_culp_ppc = preg114z1e if mi(kg_aboq_culp_ppc)
>  & preg114z1ee==1
(449 real changes made)
.                 replace kg_aboq_culp_ppc = 0              if usa_aboq_culp_pp
> c==0
(1,703 real changes made)
.                 
.                 gen     lt_aboq_culp_ppc = preg114z1b if preg114z1c==2
(2,705 missing values generated)
.                 replace lt_aboq_culp_ppc = preg114z1e if mi(lt_aboq_culp_ppc)
>  & preg114z1ee==2
(3 real changes made)
.                 replace lt_aboq_culp_ppc = 0              if usa_aboq_culp_pp
> c==0
(1,703 real changes made)
.                 
.                 gen     gtot_aboq_culp_ppc = preg114z1f
(1,703 missing values generated)
.                 replace gtot_aboq_culp_ppc = 0            if usa_aboq_culp_pp
> c==0
(1,703 real changes made)
.                 
.                 lab var kg_aboq_culp_ppc        "Kilos de abono químico emple
> ados en el cultivo principal"
.                 lab var lt_aboq_culp_ppc        "Litros de abono químico empl
> eados en el cultivo principal"
.                 lab var gtot_aboq_culp_ppc      "Gasto Total (en S/.) en abon
> o químico en el cultivo principal"
. 
.                 order kg_aboq_culp_ppc-gtot_aboq_culp_ppc, a(usa_aboq_culp_pp
> c)
.                 drop preg114z*
. 
.                 // Deflactado on-the-way (gasto en abono químico)
.                 local lbl : var lab gtot_aboq_culp_ppc
.                 gen double gtot_aboq_culp_ppc_def = gtot_aboq_culp_ppc       
>                if post == 0
(1,282 missing values generated)
.                 replace    gtot_aboq_culp_ppc_def = gtot_aboq_culp_ppc / scal
> ar(factor_def) if post == 1
(1,282 real changes made)
.                 lab var gtot_aboq_culp_ppc_def "`lbl' (S/. constantes 2021)"
note: label truncated to 80 characters
.                 order gtot_aboq_culp_ppc_def, a(gtot_aboq_culp_ppc)
.         }
. 
.         //-------------------------------------------------------------------
> -------
.         // Ratios de Intensidad (Por Hectárea)
.         //-------------------------------------------------------------------
> -------
.         {
.                 // Plaguicidas
.                 gen kgxha_plag_culp_ppc         = kg_plag_culp_ppc/tot_has_se
> mb_cult_ppc if tot_has_semb_cult_ppc>0 & !mi(kg_plag_culp_ppc), a(kg_plag_cul
> p_ppc)
(903 missing values generated)
.                 replace kgxha_plag_culp_ppc = 0 if usa_plag_culp_ppc==0
(0 real changes made)
.                 gen ltxha_plag_culp_ppc         = lt_plag_culp_ppc/tot_has_se
> mb_cult_ppc if tot_has_semb_cult_ppc>0 & !mi(lt_plag_culp_ppc), a(lt_plag_cul
> p_ppc)
(161 missing values generated)
.                 replace ltxha_plag_culp_ppc = 0 if usa_plag_culp_ppc==0
(0 real changes made)
.                 lab var kgxha_plag_culp_ppc "Kilos de plaguicida aplicados po
> r hectárea sembrada (kg/ha)"
.                 lab var ltxha_plag_culp_ppc "Litros de plaguicida aplicados p
> or hectárea sembrada (lt/ha)"
. 
.                 // Abono Orgánico
.                 gen     kgxha_aboo_culp_ppc = kg_aboo_culp_ppc/tot_has_semb_c
> ult if tot_has_semb_cult>0 & !mi(kg_aboo_culp_ppc), a(kg_aboo_culp_ppc)
(31 missing values generated)
.                 replace kgxha_aboo_culp_ppc = 0 if usa_aboo_culp_ppc==0
(0 real changes made)
.                 gen     ltxha_aboo_culp_ppc = lt_aboo_culp_ppc/tot_has_semb_c
> ult if tot_has_semb_cult>0 & !mi(lt_aboo_culp_ppc), a(lt_aboo_culp_ppc)
(1,337 missing values generated)
.                 replace ltxha_aboo_culp_ppc = 0 if usa_aboo_culp_ppc==0
(0 real changes made)
.                 lab var kgxha_aboo_culp_ppc "Kilos de abono orgánico aplicado
> s por hectárea sembrada (kg/ha)"
.                 lab var ltxha_aboo_culp_ppc "Litros de abono orgánico aplicad
> os por hectárea sembrada (lt/ha)"
. 
.                 // Abono Químico
.                 gen     kgxha_aboq_culp_ppc = kg_aboq_culp_ppc/tot_has_semb_c
> ult if tot_has_semb_cult>0 & !mi(kg_aboq_culp_ppc), a(kg_aboq_culp_ppc)
(56 missing values generated)
.                 replace kgxha_aboq_culp_ppc = 0 if usa_aboq_culp_ppc==0
(0 real changes made)
.                 gen     ltxha_aboq_culp_ppc = lt_aboq_culp_ppc/tot_has_semb_c
> ult if tot_has_semb_cult>0 & !mi(lt_aboq_culp_ppc), a(lt_aboq_culp_ppc)
(999 missing values generated)
.                 replace ltxha_aboq_culp_ppc = 0 if usa_aboq_culp_ppc==0 
(0 real changes made)
.                 lab var kgxha_aboq_culp_ppc "Kilos de abono químico aplicados
>  por hectárea sembrada (kg/ha)"
.                 lab var ltxha_aboq_culp_ppc "Litros de abono químico aplicado
> s por hectárea sembrada (lt/ha)"
.         }
. }

. 
. //===========================================================================
> ===
. // Step 9 (Cultivo Principal): Margen sobre Insumos (Ing x Ventas - Gasto en 
> ins.
. // /Bruto y x Has. Cultivada)
. //===========================================================================
> ===
. if `GenMgnIns'{
.         egen rtot_gasto_ins = rowtotal(gtot_plag_culp_ppc gtot_aboo_culp_ppc 
> gtot_aboq_culp_ppc)
.         egen rtot_gasto_wz1 = rowtotal(gtot_plag_wz1_culp_ppc gtot_aboo_culp_
> ppc gtot_aboq_culp_ppc)
.         egen rtot_gasto_wz2 = rowtotal(gtot_plag_wz2_culp_ppc gtot_aboo_culp_
> ppc gtot_aboq_culp_ppc)
.         egen rtot_gasto_mis = rowtotal(gtot_plag_mis_culp_ppc gtot_aboo_culp_
> ppc gtot_aboq_culp_ppc)
.         
.         gen double mgn_ins_culp_ppc = itot_ppc - rtot_gasto_ins
.         gen double mgn_ins_wz1_culp_ppc = itot_ppc_wz1 - rtot_gasto_wz1
.         gen double mgn_ins_wz2_culp_ppc = itot_ppc_wz2 - rtot_gasto_wz2
.         gen double mgn_ins_mis_culp_ppc = itot_ppc_mis - rtot_gasto_mis if !m
> i(itot_ppc_mis,gtot_plag_mis_culp_ppc)
(253 missing values generated)
. 
.         gen double mgn_ins_ha_culp_ppc = (itot_ppc - rtot_gasto_ins)/tot_has_
> semb_cult_ppc
.         gen double mgn_ins_ha_wz1_culp_ppc = (itot_ppc_wz1 - rtot_gasto_wz1)/
> tot_has_semb_cult_ppc      
.         gen double mgn_ins_ha_wz2_culp_ppc = (itot_ppc_wz2 - rtot_gasto_wz2)/
> tot_has_semb_cult_ppc
.         gen double mgn_ins_ha_mis_culp_ppc = (itot_ppc_mis - rtot_gasto_mis)/
> tot_has_semb_cult_ppc if !mi(itot_ppc_mis,gtot_plag_mis_culp_ppc)
(253 missing values generated)
.         drop rtot_*
.         
.         lab var mgn_ins_culp_ppc                "Margen sobre gasto en insumo
> s (S/.) - solo cultivo principal"
.         lab var mgn_ins_wz1_culp_ppc    "Margen sobre gasto en insumos (S/.) 
> - capeo 1 (vars log)"
.         lab var mgn_ins_wz2_culp_ppc    "Margen sobre gasto en insumos (S/.) 
> - capeo 2 (vars nivel)"
.         lab var mgn_ins_mis_culp_ppc    "Margen sobre gasto en insumos (S/.) 
> - outliers a missing"
. 
.         lab var mgn_ins_ha_culp_ppc     "Margen sobre gasto en insumos por Ha
>  (S/./ha) - solo cultivo principal"
.         lab var mgn_ins_ha_wz1_culp_ppc "Margen sobre gasto en insumos por Ha
>  (S/./ha) - capeo 1 (vars log)"
.         lab var mgn_ins_ha_wz2_culp_ppc "Margen sobre gasto en insumos por Ha
>  (S/./ha) - capeo 2 (vars nivel)"
.         lab var mgn_ins_ha_mis_culp_ppc "Margen sobre gasto en insumos por Ha
>  (S/./ha) - outliers a missing"
. 
.         // Deflactado on-the-way (márgenes total y por hectárea)
.         foreach var in mgn_ins_culp_ppc mgn_ins_wz1_culp_ppc ///
>                        mgn_ins_wz2_culp_ppc mgn_ins_mis_culp_ppc ///
>                        mgn_ins_ha_culp_ppc mgn_ins_ha_wz1_culp_ppc ///
>                        mgn_ins_ha_wz2_culp_ppc mgn_ins_ha_mis_culp_ppc {
  2.                 local lbl : var lab `var'
  3.                 gen double `var'_def = `var'                      if post 
> == 0
  4.                 replace    `var'_def = `var' / scalar(factor_def) if post 
> == 1
  5.                 lab var `var'_def "`lbl' (S/. constantes 2021)"
  6.                 order `var'_def, a(`var')
  7.         }
(1,282 missing values generated)
(1,282 real changes made)
note: label truncated to 80 characters
(1,282 missing values generated)
(1,282 real changes made)
(1,282 missing values generated)
(1,282 real changes made)
(1,424 missing values generated)
(1,171 real changes made)
(1,282 missing values generated)
(1,282 real changes made)
note: label truncated to 80 characters
(1,282 missing values generated)
(1,282 real changes made)
note: label truncated to 80 characters
(1,282 missing values generated)
(1,282 real changes made)
note: label truncated to 80 characters
(1,424 missing values generated)
(1,171 real changes made)
note: label truncated to 80 characters
. }

. 
. //===========================================================================
> ===
. // Step 10 (Cultivo Principal): Limpieza final del frame main_crops
. //===========================================================================
> ===
. // Propósito: dejar main_crops como una base estricta a nivel de cultivo
. // principal (una obs. por productor × predio × periodo, filtrada en Step 6):
. //   (1) Elimina variables agregadas a nivel de predio (no aplican aquí).
. //   (2) Renombra sufijos _ppc → _culp para reflejar el nivel de análisis.
. //       - *_culp_ppc       → *_culp        (vars generadas en Steps 6-8)
. //       - *_culp_ppc_def   → *_culp_def    (sus deflactadas)
. //       - *_ppc[_suf]      → *_culp[_suf]  (vars heredadas de all_crops)
. //   (3) Actualiza etiquetas: "cultivo" → "cultivo principal" (solo si la
. //       etiqueta aún no contiene "cultivo principal").
. //===========================================================================
> ===
. if `CleanMainCrops'{
.         frame change main_crops
. 
.         //-------------------------------------------------------------------
> -------
.         // (1) Drop de variables agregadas a nivel predio
.         //-------------------------------------------------------------------
> -------
.         cap drop vtot_cose_pp
. 
.         //-------------------------------------------------------------------
> -------
.         // (2) Rename _ppc → _culp
.         //-------------------------------------------------------------------
> -------
.         // (2a) Variables que ya tenían _culp (solo hay que quitar el _ppc fi
> nal)
.         cap rename *_culp_ppc_def *_culp_def
.         cap rename *_culp_ppc     *_culp
. 
.         // (2b) Variables heredadas de all_crops con sufijos compuestos
.         foreach suf in wz1_def wz2_def mis_def wz1 wz2 mis def {
  2.                 cap rename *_ppc_`suf' *_culp_`suf'
  3.         }
. 
.         // (2c) Variables heredadas de all_crops terminadas en _ppc puro
.         cap rename *_ppc *_culp
. 
.         //-------------------------------------------------------------------
> -------
.         // (3) Relabel: "cultivo" → "cultivo principal"
.         //-------------------------------------------------------------------
> -------
.         qui ds
.         foreach v of varlist `r(varlist)' {
  2.                 local lbl : var lab `v'
  3.                 if strpos("`lbl'", "cultivo")>0 & strpos("`lbl'", "cultivo
>  principal")==0 {
  4.                         local newlbl = subinstr("`lbl'", "cultivo", "culti
> vo principal", 1)
  5.                         lab var `v' "`newlbl'"
  6.                 }
  7.         }
note: label truncated to 80 characters
note: label truncated to 80 characters
note: label truncated to 80 characters
note: label truncated to 80 characters
note: label truncated to 80 characters
note: label truncated to 80 characters
note: label truncated to 80 characters
note: label truncated to 80 characters
note: label truncated to 80 characters
note: label truncated to 80 characters
note: label truncated to 80 characters
note: label truncated to 80 characters
note: label truncated to 80 characters
note: label truncated to 80 characters
note: label truncated to 80 characters
note: label truncated to 80 characters
note: label truncated to 80 characters
note: label truncated to 80 characters
note: label truncated to 80 characters
note: label truncated to 80 characters
note: label truncated to 80 characters
note: label truncated to 80 characters
note: label truncated to 80 characters
note: label truncated to 80 characters
. }

. 
. //===========================================================================
> ===
. // Step 11: Order, Notes & Label Data
. //===========================================================================
> ===
. if `OrderNotesLabelData'{
.         //-------------------------------------------------------------------
> -------
.         // Base 1: Todos los Cultivos (all_crops)
.         //-------------------------------------------------------------------
> -------
.         frame change all_crops
.         order ///
>         /* B1. Identificadores y clasificadores */ ///
>         Codprod22 codprod pp_id ppc_id ///
>         preg101a nomb_prod preg114b1 nomb_tipo_cult ///
>         nomb_prod_obj prod_ECA_eval post ///
>         stayer_line tipo_predio ///
>         /* B2. Insumos */ ///
>         tot_has_semb_cult_ppc ///
>         tot_ud_plnts_ppc tot_ud_plnts_eprod_ppc pct_plnts_eprod_ppc ///
>         tot_kg_sem_ppc ///
>         /* B3. Producción cosechada (kg) por destino */ ///
>         tot_kg_prod_cose_ppc ///
>         tot_kg_prod_vend_ppc ///
>         tot_kg_prod_vend_MN_ppc tot_kg_prod_vend_MN_ML_ppc tot_kg_prod_vend_M
> I_ppc ///
>         tot_kg_prod_autoc_ppc ///
>         /* B4. Producción cosechada (%) por destino — espejo de B3 */ ///
>         pct_prod_cose_vend_ppc ///
>         pct_prod_vend_MN_ppc pct_prod_vend_MN_ML_ppc pct_prod_vend_MI_ppc ///
>         pct_prod_cose_autoc_ppc ///
>         /* B5. Rendimientos (base, capeo1, capeo2, mis) */ ///
>         kgxha_semb_ppc  kgxha_semb_ppc_wz1  kgxha_semb_ppc_wz2  kgxha_semb_pp
> c_mis ///
>         kgx1p_eprod_ppc kgx1p_eprod_ppc_wz1 kgx1p_eprod_ppc_wz2 kgx1p_eprod_p
> pc_mis ///
>         kgxkg_sem_ppc   kgxkg_sem_ppc_wz1   kgxkg_sem_ppc_wz2   kgxkg_sem_ppc
> _mis ///
>         /* B6. Precio por kg (nominal y deflactado) */ ///
>         ixkg_ppc  ixkg_ppc_def ///
>         ixkg_ppc_wz1 ixkg_ppc_wz1_def ixkg_ppc_wz2 ixkg_ppc_wz2_def ///
>         ixkg_ppc_mis ixkg_ppc_mis_def ///
>         /* B7. Ingreso total (mismo patrón que B6) */ ///
>         itot_ppc  itot_ppc_def ///
>         itot_ppc_wz1 itot_ppc_wz1_def itot_ppc_wz2 itot_ppc_wz2_def ///
>         itot_ppc_mis itot_ppc_mis_def ///
>         /* B8. Ingreso bruto por hectárea (mismo patrón que B6) */ ///
>         ixha_ppc  ixha_ppc_def ///
>         ixha_ppc_wz1 ixha_ppc_wz1_def ixha_ppc_wz2 ixha_ppc_wz2_def ///
>         ixha_ppc_mis ixha_ppc_mis_def ///
>         /* B9. Valor total a nivel predio */ ///
>         vtot_cose_ppc vtot_cose_pp
.         
.         label data "Base cultivo-predio (ppc): producción, rendimientos, prec
> ios e ingresos | 9 bloques temáticos | últ. ord.: $S_DATE"
note: label truncated to 80 characters
.         
.         * Limpia notas previas para evitar duplicados al re-correr el do-file
.         capture notes drop _dta
. 
.         note: ESTRUCTURA: 9 bloques siguiendo el flujo productivo agrícola (i
> nsumos -> cosecha -> destino -> rendimientos -> precios -> ingresos -> valor 
> predio).
.         note: UNIDAD DE ANÁLISIS: línea cultivo-predio (ppc_id). Predio = pp_
> id. Producto = codprod / Codprod22.
.         note: SUFIJOS DE VERSIONES — _def: S/. constantes 2021 | _wz1: capeo 
> en logs (capeo 1) | _wz2: capeo en niveles (capeo 2) | _mis: outliers convert
> idos a missing.
. 
.         note: B1 — IDENTIFICADORES Y CLASIFICADORES (Codprod22 ... tipo_predi
> o).
.         note: B2 — INSUMOS: hectáreas sembradas, plantas instaladas/productiv
> as y semilla utilizada.
.         note: B3 — PRODUCCIÓN COSECHADA EN KG por destino: total -> vendida -
> > MN -> MN-local -> MI -> autoconsumo.
.         note: B4 — PRODUCCIÓN COSECHADA EN % por destino (espejo de B3).
.         note: B5 — RENDIMIENTOS: kg/ha sembrada, kg/planta productiva, kg/kg 
> de semilla. 4 versiones c/u (base, wz1, wz2, mis).
.         note: B6 — PRECIO POR KG (ixkg_ppc): nominal y deflactado, con las 4 
> versiones de capeo.
.         note: B7 — INGRESO TOTAL (itot_ppc): mismo patrón de versiones que B6
> .
.         note: B8 — INGRESO BRUTO POR HECTÁREA (ixha_ppc): mismo patrón de ver
> siones que B6.
.         note: B9 — VALOR TOTAL: vtot_cose_ppc (por cultivo del predio) y vtot
> _cose_pp (agregado a nivel predio: suma sobre cultivos). Aunque vtot_cose_pp 
> opera a unidad mayor que el resto de la base (predio vs. línea cultivo-predio
> ), se mantiene en B9 por afinidad temática (insumo del cálculo de alquiler co
> mo % de producción en E5_build_farm.do); el valor se repite en todas las fila
> s del mismo predio.
.         
.         note Codprod22             : ">>> INICIO B1: Identificadores y clasif
> icadores"
.         note tot_has_semb_cult_ppc : ">>> INICIO B2: Insumos (tierra, plantas
> , semilla)"
.         note tot_kg_prod_cose_ppc  : ">>> INICIO B3: Producción cosechada en 
> kg por destino"
.         note pct_prod_cose_vend_ppc: ">>> INICIO B4: Producción cosechada en 
> % por destino"
.         note kgxha_semb_ppc        : ">>> INICIO B5: Rendimientos (3 familias
>  x 4 versiones)"
.         note ixkg_ppc              : ">>> INICIO B6: Precio por kg (nominal y
>  deflactado)"
.         note itot_ppc              : ">>> INICIO B7: Ingreso total (nominal y
>  deflactado)"
.         note ixha_ppc              : ">>> INICIO B8: Ingreso bruto por hectár
> ea"
.         note vtot_cose_ppc         : ">>> INICIO B9: Valor total a nivel pred
> io"
.         
.         //-------------------------------------------------------------------
> -------
.         // Base 2: Cultivo Principal (main_crops)
.         //-------------------------------------------------------------------
> -------
.         frame change main_crops
.         order ///
>         /* B1. Identificadores y clasificadores */ ///
>         Codprod22 preg101a nomb_prod preg114b1 nomb_tipo_cult ///
>         post nomb_prod_obj prod_ECA_eval ///
>         pp_id ppc_id stayer_line tipo_predio ///
>         /* B2. Insumos básicos: tierra, plantas y semilla */ ///
>         tot_has_semb_cult_culp ///
>         tot_ud_plnts_culp tot_ud_plnts_eprod_culp pct_plnts_eprod_culp ///
>         tot_kg_sem_culp ///
>         /* B3. Producción cosechada (kg) por destino */ ///
>         tot_kg_prod_cose_culp ///
>         tot_kg_prod_vend_culp ///
>         tot_kg_prod_vend_MN_culp tot_kg_prod_vend_MN_ML_culp tot_kg_prod_vend
> _MI_culp ///
>         tot_kg_prod_autoc_culp ///
>         /* B4. Producción cosechada (%) por destino — espejo de B3 */ ///
>         pct_prod_cose_vend_culp ///
>         pct_prod_vend_MN_culp pct_prod_vend_MN_ML_culp pct_prod_vend_MI_culp 
> ///
>         pct_prod_cose_autoc_culp ///
>         /* B5. Rendimientos (base, capeo1, capeo2, mis) */ ///
>         kgxha_semb_culp  kgxha_semb_culp_wz1  kgxha_semb_culp_wz2  kgxha_semb
> _culp_mis ///
>         kgx1p_eprod_culp kgx1p_eprod_culp_wz1 kgx1p_eprod_culp_wz2 kgx1p_epro
> d_culp_mis ///
>         kgxkg_sem_culp   kgxkg_sem_culp_wz1   kgxkg_sem_culp_wz2   kgxkg_sem_
> culp_mis ///
>         /* B6. Precio por kg */ ///
>         ixkg_culp  ixkg_culp_def ///
>         ixkg_culp_wz1 ixkg_culp_wz1_def ixkg_culp_wz2 ixkg_culp_wz2_def ///
>         ixkg_culp_mis ixkg_culp_mis_def ///
>         /* B7. Ingreso total */ ///
>         itot_culp  itot_culp_def ///
>         itot_culp_wz1 itot_culp_wz1_def itot_culp_wz2 itot_culp_wz2_def ///
>         itot_culp_mis itot_culp_mis_def ///
>         /* B8. Ingreso bruto por hectárea */ ///
>         ixha_culp  ixha_culp_def ///
>         ixha_culp_wz1 ixha_culp_wz1_def ixha_culp_wz2 ixha_culp_wz2_def ///
>         ixha_culp_mis ixha_culp_mis_def ///
>         /* B9. Valor total cosechado (incluye autoconsumo) */ ///
>         vtot_cose_culp ///
>         /* B10. Choques: plagas y eventos inesperados */ ///
>         afct_plga_culp tot_plgas_culp ///
>         afct_evi_culp  tot_evi_culp ///
>         /* B11. Plaguicidas: uso, cantidad y gasto */ ///
>         usa_plag_culp ///
>         kg_plag_culp kgxha_plag_culp lt_plag_culp ltxha_plag_culp ///
>         gtot_plag_culp gtot_plag_culp_def ///
>         gtot_plag_wz1_culp gtot_plag_wz1_culp_def ///
>         gtot_plag_wz2_culp gtot_plag_wz2_culp_def ///
>         gtot_plag_mis_culp gtot_plag_mis_culp_def ///
>         /* B12. Abono orgánico/natural */ ///
>         usa_aboo_culp ///
>         kg_aboo_culp kgxha_aboo_culp lt_aboo_culp ltxha_aboo_culp ///
>         gtot_aboo_culp gtot_aboo_culp_def ///
>         /* B13. Abono químico */ ///
>         usa_aboq_culp ///
>         kg_aboq_culp kgxha_aboq_culp lt_aboq_culp ltxha_aboq_culp ///
>         gtot_aboq_culp gtot_aboq_culp_def ///
>         /* B14. Margen sobre gasto en insumos (total y por ha) */ ///
>         mgn_ins_culp     mgn_ins_culp_def ///
>         mgn_ins_wz1_culp mgn_ins_wz1_culp_def ///
>         mgn_ins_wz2_culp mgn_ins_wz2_culp_def ///
>         mgn_ins_mis_culp mgn_ins_mis_culp_def ///
>         mgn_ins_ha_culp     mgn_ins_ha_culp_def ///
>         mgn_ins_ha_wz1_culp mgn_ins_ha_wz1_culp_def ///
>         mgn_ins_ha_wz2_culp mgn_ins_ha_wz2_culp_def ///
>         mgn_ins_ha_mis_culp mgn_ins_ha_mis_culp_def
.         
.         label data "Base cultivo principal (_culp): producción, ingresos, cho
> ques, costos de insumos y margen | 14 bloques temáticos | últ. ord.: $S_DATE"
note: label truncated to 80 characters
.         
.         capture notes drop _dta
.         note: ESTRUCTURA: 14 bloques. Flujo: identidad -> insumos basicos -> 
> cosecha -> rendimientos -> precios -> ingresos -> valor total -> choques -> c
> ostos por insumo -> margen.
.         note: UNIDAD DE ANÁLISIS: línea cultivo-predio (ppc_id), restringido 
> al cultivo principal del predio. Predio = pp_id.
.         note: SUFIJOS DE VERSIONES — _def: S/. constantes 2021 | _wz1: capeo 
> en logs (capeo 1) | _wz2: capeo en niveles (capeo 2) | _mis: outliers a missi
> ng.
.         note: SUFIJO DE BASE — _culp identifica todas las variables del culti
> vo principal (vs. _ppc en la base general).
. 
.         note: B1 — IDENTIFICADORES Y CLASIFICADORES (Codprod22 ... tipo_predi
> o).
.         note: B2 — INSUMOS BÁSICOS: hectáreas sembradas, plantas instaladas/p
> roductivas y semilla.
.         note: B3 — PRODUCCIÓN COSECHADA EN KG por destino: total -> vendida -
> > MN -> MN-local -> MI -> autoconsumo.
.         note: B4 — PRODUCCIÓN COSECHADA EN % por destino (espejo de B3).
.         note: B5 — RENDIMIENTOS: kg/ha sembrada, kg/planta productiva, kg/kg 
> de semilla. 4 versiones c/u (base, wz1, wz2, mis).
.         note: B6 — PRECIO POR KG (ixkg_culp): nominal y deflactado, con las 4
>  versiones de capeo.
.         note: B7 — INGRESO TOTAL (itot_culp): mismo patrón de versiones que B
> 6.
.         note: B8 — INGRESO BRUTO POR HECTÁREA (ixha_culp): mismo patrón que B
> 6.
.         note: B9 — VALOR TOTAL COSECHADO (vtot_cose_culp): incluye autoconsum
> o, no solo lo vendido.
.         note: B10 — CHOQUES: plagas (afct_plga, tot_plgas) y eventos inespera
> dos (afct_evi, tot_evi).
.         note: B11 — PLAGUICIDAS: uso (sí/no), cantidades (kg, kg/ha, lt, lt/h
> a) y gasto total (con 4 versiones nominal/deflactado).
.         note: B12 — ABONO ORGÁNICO: uso, cantidades y gasto total (solo nomin
> al y deflactado, sin capeos).
.         note: B13 — ABONO QUÍMICO: uso, cantidades y gasto total (solo nomina
> l y deflactado, sin capeos).
.         note: B14 — MARGEN SOBRE INSUMOS: total (mgn_ins) y por hectárea (mgn
> _ins_ha), c/u con 4 versiones nominal/deflactado.
.         
.         note Codprod22              : ">>> INICIO B1: Identificadores y clasi
> ficadores"
.         note tot_has_semb_cult_culp : ">>> INICIO B2: Insumos básicos (tierra
> , plantas, semilla)"
.         note tot_kg_prod_cose_culp  : ">>> INICIO B3: Producción cosechada en
>  kg por destino"
.         note pct_prod_cose_vend_culp: ">>> INICIO B4: Producción cosechada en
>  % por destino"
.         note kgxha_semb_culp        : ">>> INICIO B5: Rendimientos (3 familia
> s x 4 versiones)"
.         note ixkg_culp              : ">>> INICIO B6: Precio por kg"
.         note itot_culp              : ">>> INICIO B7: Ingreso total"
.         note ixha_culp              : ">>> INICIO B8: Ingreso bruto por hectá
> rea"
.         note vtot_cose_culp         : ">>> INICIO B9: Valor total cosechado (
> incluye autoconsumo)"
.         note afct_plga_culp         : ">>> INICIO B10: Choques (plagas y even
> tos)"
.         note usa_plag_culp          : ">>> INICIO B11: Plaguicidas (uso, cant
> idad, gasto)"
.         note usa_aboo_culp          : ">>> INICIO B12: Abono orgánico/natural
> "
.         note usa_aboq_culp          : ">>> INICIO B13: Abono químico"
.         note mgn_ins_culp           : ">>> INICIO B14: Margen sobre gasto en 
> insumos"   
. }

. 
. //===========================================================================
> ===
. // Step 12: Save Final Data
. //===========================================================================
> ===
. if `SaveAndClean'{
.         frame change main_crops
.         sort ppc_id post
.         compress
  variable tot_ud_plnts_culp was float now int
  variable tot_ud_plnts_eprod_culp was float now int
  variable afct_plga_culp was float now byte
  variable tot_plgas_culp was float now byte
  variable afct_evi_culp was float now byte
  variable tot_evi_culp was float now byte
  variable usa_plag_culp was float now byte
  variable usa_aboo_culp was float now byte
  variable usa_aboq_culp was float now byte
  variable nomb_prod was str15 now str9
  variable nomb_tipo_cult was str34 now str25
  (110,320 bytes saved)
.         save "`outc5'\\Cultivo_Pcpal_LByLS", replace
file E:/Consultorías/BID/HRC0052956\\1_Data\\Out\5_BDs por grupos de
    vars\\Cultivo_Pcpal_LByLS.dta saved
. 
.         frame change all_crops
.         preserve
.                 keep Codprod22 preg101a post pp_id vtot_cose_pp
.                 bys pp_id post: keep if _n==1
(2,820 observations deleted)
.                 sort Codprod22 preg101a post
.                 compress
  (0 bytes saved)
.                 save "`outc5'\\Valor_Produccion_Predio_LByLS.dta", replace
file E:/Consultorías/BID/HRC0052956\\1_Data\\Out\5_BDs por grupos de
    vars\\Valor_Produccion_Predio_LByLS.dta saved
.         restore
. 
.         frame change all_crops
.         sort ppc_id post
.         drop preg114o1-preg114z2c
.         compress
  (0 bytes saved)
.         save "`outc5'\\Cultivos_LByLS.dta", replace
file E:/Consultorías/BID/HRC0052956\\1_Data\\Out\5_BDs por grupos de
    vars\\Cultivos_LByLS.dta saved
.         frame drop plaguicds default
. }

. 
. log close
      name:  <unnamed>
       log:  E:/Consultorías/BID/HRC0052956\\3_Logs\E4_build_crops.log
  log type:  text
 closed on:  12 Aug 2026, 16:29:40
-------------------------------------------------------------------------------
