--------------------------------------------------------------------------------------------------------------------------
      name:  <unnamed>
       log:  E:\Consultorías\\BID\HRC0052956\\3_Logs\G3_estimate_bpa_cond.log
  log type:  text
 opened on:  25 May 2026, 23:14:06

. 
. 
. // Cargar programas (prg_table_3panels primero porque define _fmt_*)
. qui do "${ruta_helpers}/prg_load_panel.do"

. qui do "${ruta_helpers}/prg_table_3panels.do"

. qui do "${ruta_helpers}/prg_table_2panels.do"

. 
. //------------------------------------------------------------------------------
. // 1. Cargar la base maestra + outcomes + vars crudas para D_c/P_i
. //------------------------------------------------------------------------------
. prg_load_panel, ///
>         outcome_file("BPAs_CondyNoCond_LByLS") ///
>         outcome_vars(bpa_10_1-bpa_10_5 bpa_11_1-bpa_11_5 bpa_12_1-bpa_12_4 bpa_12_q_1-bpa_12_q_7 bpa_13_1 bpa_14_1) ///
>         extra_vars(i1aECA_PE_ccpp ptcp_ECA_prod)
(Características de la observación: identificadores, efectos fijos, ECA y exposic)

    Result                      Number of obs
    -----------------------------------------
    Not matched                             0
    Matched                             2,727  
    -----------------------------------------
(label sino already defined)

    Result                      Number of obs
    -----------------------------------------
    Not matched                             0
    Matched                             2,727  
    -----------------------------------------

    Result                      Number of obs
    -----------------------------------------
    Not matched                             0
    Matched                             2,727  
    -----------------------------------------
(label sino already defined)

    Result                      Number of obs
    -----------------------------------------
    Not matched                             0
    Matched                             2,727  
    -----------------------------------------
(label sino already defined)

    Result                      Number of obs
    -----------------------------------------
    Not matched                             0
    Matched                             2,727  
    -----------------------------------------
Obs. descartadas por panel no balanceado: 163
(163 observations deleted)

. 
. //------------------------------------------------------------------------------
. // 2. Construir D_c y P_i (definiciones operacionales)
. //------------------------------------------------------------------------------
. gen byte D_c = (i1aECA_PE_ccpp == 1) if !mi(asig_ccpp)

. gen byte P_i = (ptcp_ECA_prod  == 1) if !mi(asig_ccpp)

. 
. //------------------------------------------------------------------------------
. // 3. Labels amigables — single source of truth
. //------------------------------------------------------------------------------
. lab var bpa_10_1 "Abonos: usaron lo necesario"

. lab var bpa_10_2 "Abonos: de buena calidad"

. lab var bpa_10_3 "Abonos: recomendado por especialista"

. lab var bpa_10_4 "Abonos: dosis recomendada"

. lab var bpa_10_5 "Abonos: almacenamiento adecuado"

. 
. lab var bpa_11_1 "Fertilizantes: usaron lo necesario"

. lab var bpa_11_2 "Fertilizantes: de buena calidad"

. lab var bpa_11_3 "Fertilizantes: recomendado por especialista"

. lab var bpa_11_4 "Fertilizantes: dosis recomendada"

. lab var bpa_11_5 "Fertilizantes: almacenamiento adecuado"

. 
. lab var bpa_12_1 "Plaguicidas: usaron lo necesario"

. lab var bpa_12_2 "Plaguicidas: de buena calidad"

. lab var bpa_12_3 "Plaguicidas: recomendado por especialista"

. lab var bpa_12_4 "Plaguicidas: usaron plaguicida químico"

. 
. lab var bpa_12_q_1 "Plag. químico: tiene etiqueta en envase"

. lab var bpa_12_q_2 "Plag. químico: leyeron info en envase"

. lab var bpa_12_q_3 "Plag. químico: dosis recomendada"

. lab var bpa_12_q_4 "Plag. químico: cultivo indicado en envase"

. lab var bpa_12_q_5 "Plag. químico: cumplieron carencia"

. lab var bpa_12_q_6 "Plag. químico: almacenam. adecuado"

. lab var bpa_12_q_7 "Plag. químico: usaron protección"

. 
. lab var bpa_13_1 "Evaluación de plagas para control biológico"

. lab var bpa_14_1 "Combinaron tipos de control de plagas"

. 
. //------------------------------------------------------------------------------
. // 4. Generar las 23 tablas anexas en 6 bloques (numeración continúa desde G2)
. //------------------------------------------------------------------------------
. local ctrl_set c.edad c.edadsq i.sexo c.educ i.castell c.ilogsact c.icondvid ///
>         c.tot_miem_1564 c.tot_miem_depen c.tot_has_prod i.riego_tec_prod ///
>         c.años_tenen_prod i.mes_enc

. 
. local outdir "${ruta_anexos}/Prácticas_Agronómicas"

. 
. // Convención de redacción: cada bloque comparte la misma frase nominal del
. // título (`phrase`) — el sub-práctica específica entra como `outcome_qualifier`
. // entre paréntesis. Esto evita repetir "el uso adecuado de abonos:" en el
. // label y produce títulos fluidos como "...sobre el uso adecuado de abonos
. // (dosis recomendada)".
. 
. // --- Cond. al uso de abono: bpa_10_1..bpa_10_5 → A-2-15..19 ---
. // Condicionamiento histórico: bpa_10==1 (comentado; estima sobre muestra completa).
. // Para reactivar: envolver con `preserve` / `keep if bpa_10==1` / `restore`.
. local p_abono "el uso adecuado de abonos"

. local q_abono `" "cantidad necesaria" "buena calidad" "recomendación de especialista" "dosis recomendada" "almacenamient
> o adecuado" "'

. forvalues k = 1/5 {
  2.         gettoken q q_abono : q_abono
  3.         local var bpa_10_`k'
  4.         local idx = 14 + `k'
  5.         prg_table_2panels, ///
>                 outcome(`var') outcome_phrase("`p_abono'") outcome_qualifier("`q'") ///
>                 table_num("A.2-`idx'") ///
>                 out("`outdir'/A-2-`idx'_Tab_BPA_`var'.docx") ///
>                 z_var(asig_ccpp) dc_var(D_c) pi_var(P_i) post_var(post) ///
>                 controls("`ctrl_set'") absorb(cod_rgn_PE) cluster(cod_cpb)
  6. }
successfully replaced "E:/Consultorías/BID/HRC0052956/5_Entregables/Reporte Final_VPaper/Anexos/Prácticas_Agronómicas/A-2-
> 15_Tab_BPA_bpa_10_1.docx"
Bordes dobles engrosados a 1.5pt en: E:\Consultorías\\BID\HRC0052956\\5_Entregables\\Reporte Final_VPaper\\Anexos/Práctica
> s_Agronómicas/A-2-15_Tab_BPA_bpa_10_1.docx
Archivo guardado: E:\Consultorías\\BID\HRC0052956\\5_Entregables\\Reporte Final_VPaper\\Anexos/Prácticas_Agronómicas/A-2-1
> 5_Tab_BPA_bpa_10_1.docx
successfully replaced "E:/Consultorías/BID/HRC0052956/5_Entregables/Reporte Final_VPaper/Anexos/Prácticas_Agronómicas/A-2-
> 16_Tab_BPA_bpa_10_2.docx"
Bordes dobles engrosados a 1.5pt en: E:\Consultorías\\BID\HRC0052956\\5_Entregables\\Reporte Final_VPaper\\Anexos/Práctica
> s_Agronómicas/A-2-16_Tab_BPA_bpa_10_2.docx
Archivo guardado: E:\Consultorías\\BID\HRC0052956\\5_Entregables\\Reporte Final_VPaper\\Anexos/Prácticas_Agronómicas/A-2-1
> 6_Tab_BPA_bpa_10_2.docx
successfully replaced "E:/Consultorías/BID/HRC0052956/5_Entregables/Reporte Final_VPaper/Anexos/Prácticas_Agronómicas/A-2-
> 17_Tab_BPA_bpa_10_3.docx"
Bordes dobles engrosados a 1.5pt en: E:\Consultorías\\BID\HRC0052956\\5_Entregables\\Reporte Final_VPaper\\Anexos/Práctica
> s_Agronómicas/A-2-17_Tab_BPA_bpa_10_3.docx
Archivo guardado: E:\Consultorías\\BID\HRC0052956\\5_Entregables\\Reporte Final_VPaper\\Anexos/Prácticas_Agronómicas/A-2-1
> 7_Tab_BPA_bpa_10_3.docx
successfully replaced "E:/Consultorías/BID/HRC0052956/5_Entregables/Reporte Final_VPaper/Anexos/Prácticas_Agronómicas/A-2-
> 18_Tab_BPA_bpa_10_4.docx"
Bordes dobles engrosados a 1.5pt en: E:\Consultorías\\BID\HRC0052956\\5_Entregables\\Reporte Final_VPaper\\Anexos/Práctica
> s_Agronómicas/A-2-18_Tab_BPA_bpa_10_4.docx
Archivo guardado: E:\Consultorías\\BID\HRC0052956\\5_Entregables\\Reporte Final_VPaper\\Anexos/Prácticas_Agronómicas/A-2-1
> 8_Tab_BPA_bpa_10_4.docx
successfully replaced "E:/Consultorías/BID/HRC0052956/5_Entregables/Reporte Final_VPaper/Anexos/Prácticas_Agronómicas/A-2-
> 19_Tab_BPA_bpa_10_5.docx"
Bordes dobles engrosados a 1.5pt en: E:\Consultorías\\BID\HRC0052956\\5_Entregables\\Reporte Final_VPaper\\Anexos/Práctica
> s_Agronómicas/A-2-19_Tab_BPA_bpa_10_5.docx
Archivo guardado: E:\Consultorías\\BID\HRC0052956\\5_Entregables\\Reporte Final_VPaper\\Anexos/Prácticas_Agronómicas/A-2-1
> 9_Tab_BPA_bpa_10_5.docx

. 
. // --- Cond. al uso de fertilizantes: bpa_11_1..bpa_11_5 → A-2-20..24 ---
. local p_fert "el uso adecuado de fertilizantes"

. local q_fert `" "cantidad necesaria" "buena calidad" "recomendación de especialista" "dosis recomendada" "almacenamiento
>  adecuado" "'

. forvalues k = 1/5 {
  2.         gettoken q q_fert : q_fert
  3.         local var bpa_11_`k'
  4.         local idx = 19 + `k'
  5.         prg_table_2panels, ///
>                 outcome(`var') outcome_phrase("`p_fert'") outcome_qualifier("`q'") ///
>                 table_num("A.2-`idx'") ///
>                 out("`outdir'/A-2-`idx'_Tab_BPA_`var'.docx") ///
>                 z_var(asig_ccpp) dc_var(D_c) pi_var(P_i) post_var(post) ///
>                 controls("`ctrl_set'") absorb(cod_rgn_PE) cluster(cod_cpb)
  6. }
successfully replaced "E:/Consultorías/BID/HRC0052956/5_Entregables/Reporte Final_VPaper/Anexos/Prácticas_Agronómicas/A-2-
> 20_Tab_BPA_bpa_11_1.docx"
Bordes dobles engrosados a 1.5pt en: E:\Consultorías\\BID\HRC0052956\\5_Entregables\\Reporte Final_VPaper\\Anexos/Práctica
> s_Agronómicas/A-2-20_Tab_BPA_bpa_11_1.docx
Archivo guardado: E:\Consultorías\\BID\HRC0052956\\5_Entregables\\Reporte Final_VPaper\\Anexos/Prácticas_Agronómicas/A-2-2
> 0_Tab_BPA_bpa_11_1.docx
successfully replaced "E:/Consultorías/BID/HRC0052956/5_Entregables/Reporte Final_VPaper/Anexos/Prácticas_Agronómicas/A-2-
> 21_Tab_BPA_bpa_11_2.docx"
Bordes dobles engrosados a 1.5pt en: E:\Consultorías\\BID\HRC0052956\\5_Entregables\\Reporte Final_VPaper\\Anexos/Práctica
> s_Agronómicas/A-2-21_Tab_BPA_bpa_11_2.docx
Archivo guardado: E:\Consultorías\\BID\HRC0052956\\5_Entregables\\Reporte Final_VPaper\\Anexos/Prácticas_Agronómicas/A-2-2
> 1_Tab_BPA_bpa_11_2.docx
successfully replaced "E:/Consultorías/BID/HRC0052956/5_Entregables/Reporte Final_VPaper/Anexos/Prácticas_Agronómicas/A-2-
> 22_Tab_BPA_bpa_11_3.docx"
Bordes dobles engrosados a 1.5pt en: E:\Consultorías\\BID\HRC0052956\\5_Entregables\\Reporte Final_VPaper\\Anexos/Práctica
> s_Agronómicas/A-2-22_Tab_BPA_bpa_11_3.docx
Archivo guardado: E:\Consultorías\\BID\HRC0052956\\5_Entregables\\Reporte Final_VPaper\\Anexos/Prácticas_Agronómicas/A-2-2
> 2_Tab_BPA_bpa_11_3.docx
successfully replaced "E:/Consultorías/BID/HRC0052956/5_Entregables/Reporte Final_VPaper/Anexos/Prácticas_Agronómicas/A-2-
> 23_Tab_BPA_bpa_11_4.docx"
Bordes dobles engrosados a 1.5pt en: E:\Consultorías\\BID\HRC0052956\\5_Entregables\\Reporte Final_VPaper\\Anexos/Práctica
> s_Agronómicas/A-2-23_Tab_BPA_bpa_11_4.docx
Archivo guardado: E:\Consultorías\\BID\HRC0052956\\5_Entregables\\Reporte Final_VPaper\\Anexos/Prácticas_Agronómicas/A-2-2
> 3_Tab_BPA_bpa_11_4.docx
successfully replaced "E:/Consultorías/BID/HRC0052956/5_Entregables/Reporte Final_VPaper/Anexos/Prácticas_Agronómicas/A-2-
> 24_Tab_BPA_bpa_11_5.docx"
Bordes dobles engrosados a 1.5pt en: E:\Consultorías\\BID\HRC0052956\\5_Entregables\\Reporte Final_VPaper\\Anexos/Práctica
> s_Agronómicas/A-2-24_Tab_BPA_bpa_11_5.docx
Archivo guardado: E:\Consultorías\\BID\HRC0052956\\5_Entregables\\Reporte Final_VPaper\\Anexos/Prácticas_Agronómicas/A-2-2
> 4_Tab_BPA_bpa_11_5.docx

. 
. // --- Cond. al uso de plaguicidas (general): bpa_12_1..bpa_12_4 → A-2-25..28 ---
. local p_plag "el uso adecuado de plaguicidas"

. local q_plag `" "cantidad necesaria" "buena calidad" "recomendación de especialista" "uso específico de plaguicida quími
> co" "'

. forvalues k = 1/4 {
  2.         gettoken q q_plag : q_plag
  3.         local var bpa_12_`k'
  4.         local idx = 24 + `k'
  5.         prg_table_2panels, ///
>                 outcome(`var') outcome_phrase("`p_plag'") outcome_qualifier("`q'") ///
>                 table_num("A.2-`idx'") ///
>                 out("`outdir'/A-2-`idx'_Tab_BPA_`var'.docx") ///
>                 z_var(asig_ccpp) dc_var(D_c) pi_var(P_i) post_var(post) ///
>                 controls("`ctrl_set'") absorb(cod_rgn_PE) cluster(cod_cpb)
  6. }
successfully replaced "E:/Consultorías/BID/HRC0052956/5_Entregables/Reporte Final_VPaper/Anexos/Prácticas_Agronómicas/A-2-
> 25_Tab_BPA_bpa_12_1.docx"
Bordes dobles engrosados a 1.5pt en: E:\Consultorías\\BID\HRC0052956\\5_Entregables\\Reporte Final_VPaper\\Anexos/Práctica
> s_Agronómicas/A-2-25_Tab_BPA_bpa_12_1.docx
Archivo guardado: E:\Consultorías\\BID\HRC0052956\\5_Entregables\\Reporte Final_VPaper\\Anexos/Prácticas_Agronómicas/A-2-2
> 5_Tab_BPA_bpa_12_1.docx
successfully replaced "E:/Consultorías/BID/HRC0052956/5_Entregables/Reporte Final_VPaper/Anexos/Prácticas_Agronómicas/A-2-
> 26_Tab_BPA_bpa_12_2.docx"
Bordes dobles engrosados a 1.5pt en: E:\Consultorías\\BID\HRC0052956\\5_Entregables\\Reporte Final_VPaper\\Anexos/Práctica
> s_Agronómicas/A-2-26_Tab_BPA_bpa_12_2.docx
Archivo guardado: E:\Consultorías\\BID\HRC0052956\\5_Entregables\\Reporte Final_VPaper\\Anexos/Prácticas_Agronómicas/A-2-2
> 6_Tab_BPA_bpa_12_2.docx
successfully replaced "E:/Consultorías/BID/HRC0052956/5_Entregables/Reporte Final_VPaper/Anexos/Prácticas_Agronómicas/A-2-
> 27_Tab_BPA_bpa_12_3.docx"
Bordes dobles engrosados a 1.5pt en: E:\Consultorías\\BID\HRC0052956\\5_Entregables\\Reporte Final_VPaper\\Anexos/Práctica
> s_Agronómicas/A-2-27_Tab_BPA_bpa_12_3.docx
Archivo guardado: E:\Consultorías\\BID\HRC0052956\\5_Entregables\\Reporte Final_VPaper\\Anexos/Prácticas_Agronómicas/A-2-2
> 7_Tab_BPA_bpa_12_3.docx
successfully replaced "E:/Consultorías/BID/HRC0052956/5_Entregables/Reporte Final_VPaper/Anexos/Prácticas_Agronómicas/A-2-
> 28_Tab_BPA_bpa_12_4.docx"
Bordes dobles engrosados a 1.5pt en: E:\Consultorías\\BID\HRC0052956\\5_Entregables\\Reporte Final_VPaper\\Anexos/Práctica
> s_Agronómicas/A-2-28_Tab_BPA_bpa_12_4.docx
Archivo guardado: E:\Consultorías\\BID\HRC0052956\\5_Entregables\\Reporte Final_VPaper\\Anexos/Prácticas_Agronómicas/A-2-2
> 8_Tab_BPA_bpa_12_4.docx

. 
. // --- Cond. al uso de plaguicidas químicos: bpa_12_q_1..bpa_12_q_7 → A-2-29..35 ---
. // Condicionamiento histórico: bpa_12_4==1 (comentado; estima sobre muestra completa).
. local p_plagq "el uso seguro de plaguicidas químicos"

. local q_plagq `" "etiqueta visible en el envase" "lectura de la información del envase" "dosis recomendada" "cultivo ind
> icado en el envase" "cumplimiento del periodo de carencia" "almacenamiento adecuado" "uso de equipo de protección" "'

. forvalues k = 1/7 {
  2.         gettoken q q_plagq : q_plagq
  3.         local var bpa_12_q_`k'
  4.         local idx = 28 + `k'
  5.         prg_table_2panels, ///
>                 outcome(`var') outcome_phrase("`p_plagq'") outcome_qualifier("`q'") ///
>                 table_num("A.2-`idx'") ///
>                 out("`outdir'/A-2-`idx'_Tab_BPA_`var'.docx") ///
>                 z_var(asig_ccpp) dc_var(D_c) pi_var(P_i) post_var(post) ///
>                 controls("`ctrl_set'") absorb(cod_rgn_PE) cluster(cod_cpb)
  6. }
successfully replaced "E:/Consultorías/BID/HRC0052956/5_Entregables/Reporte Final_VPaper/Anexos/Prácticas_Agronómicas/A-2-
> 29_Tab_BPA_bpa_12_q_1.docx"
Bordes dobles engrosados a 1.5pt en: E:\Consultorías\\BID\HRC0052956\\5_Entregables\\Reporte Final_VPaper\\Anexos/Práctica
> s_Agronómicas/A-2-29_Tab_BPA_bpa_12_q_1.docx
Archivo guardado: E:\Consultorías\\BID\HRC0052956\\5_Entregables\\Reporte Final_VPaper\\Anexos/Prácticas_Agronómicas/A-2-2
> 9_Tab_BPA_bpa_12_q_1.docx
successfully replaced "E:/Consultorías/BID/HRC0052956/5_Entregables/Reporte Final_VPaper/Anexos/Prácticas_Agronómicas/A-2-
> 30_Tab_BPA_bpa_12_q_2.docx"
Bordes dobles engrosados a 1.5pt en: E:\Consultorías\\BID\HRC0052956\\5_Entregables\\Reporte Final_VPaper\\Anexos/Práctica
> s_Agronómicas/A-2-30_Tab_BPA_bpa_12_q_2.docx
Archivo guardado: E:\Consultorías\\BID\HRC0052956\\5_Entregables\\Reporte Final_VPaper\\Anexos/Prácticas_Agronómicas/A-2-3
> 0_Tab_BPA_bpa_12_q_2.docx
successfully replaced "E:/Consultorías/BID/HRC0052956/5_Entregables/Reporte Final_VPaper/Anexos/Prácticas_Agronómicas/A-2-
> 31_Tab_BPA_bpa_12_q_3.docx"
Bordes dobles engrosados a 1.5pt en: E:\Consultorías\\BID\HRC0052956\\5_Entregables\\Reporte Final_VPaper\\Anexos/Práctica
> s_Agronómicas/A-2-31_Tab_BPA_bpa_12_q_3.docx
Archivo guardado: E:\Consultorías\\BID\HRC0052956\\5_Entregables\\Reporte Final_VPaper\\Anexos/Prácticas_Agronómicas/A-2-3
> 1_Tab_BPA_bpa_12_q_3.docx
successfully replaced "E:/Consultorías/BID/HRC0052956/5_Entregables/Reporte Final_VPaper/Anexos/Prácticas_Agronómicas/A-2-
> 32_Tab_BPA_bpa_12_q_4.docx"
Bordes dobles engrosados a 1.5pt en: E:\Consultorías\\BID\HRC0052956\\5_Entregables\\Reporte Final_VPaper\\Anexos/Práctica
> s_Agronómicas/A-2-32_Tab_BPA_bpa_12_q_4.docx
Archivo guardado: E:\Consultorías\\BID\HRC0052956\\5_Entregables\\Reporte Final_VPaper\\Anexos/Prácticas_Agronómicas/A-2-3
> 2_Tab_BPA_bpa_12_q_4.docx
successfully replaced "E:/Consultorías/BID/HRC0052956/5_Entregables/Reporte Final_VPaper/Anexos/Prácticas_Agronómicas/A-2-
> 33_Tab_BPA_bpa_12_q_5.docx"
Bordes dobles engrosados a 1.5pt en: E:\Consultorías\\BID\HRC0052956\\5_Entregables\\Reporte Final_VPaper\\Anexos/Práctica
> s_Agronómicas/A-2-33_Tab_BPA_bpa_12_q_5.docx
Archivo guardado: E:\Consultorías\\BID\HRC0052956\\5_Entregables\\Reporte Final_VPaper\\Anexos/Prácticas_Agronómicas/A-2-3
> 3_Tab_BPA_bpa_12_q_5.docx
successfully replaced "E:/Consultorías/BID/HRC0052956/5_Entregables/Reporte Final_VPaper/Anexos/Prácticas_Agronómicas/A-2-
> 34_Tab_BPA_bpa_12_q_6.docx"
Bordes dobles engrosados a 1.5pt en: E:\Consultorías\\BID\HRC0052956\\5_Entregables\\Reporte Final_VPaper\\Anexos/Práctica
> s_Agronómicas/A-2-34_Tab_BPA_bpa_12_q_6.docx
Archivo guardado: E:\Consultorías\\BID\HRC0052956\\5_Entregables\\Reporte Final_VPaper\\Anexos/Prácticas_Agronómicas/A-2-3
> 4_Tab_BPA_bpa_12_q_6.docx
successfully replaced "E:/Consultorías/BID/HRC0052956/5_Entregables/Reporte Final_VPaper/Anexos/Prácticas_Agronómicas/A-2-
> 35_Tab_BPA_bpa_12_q_7.docx"
Bordes dobles engrosados a 1.5pt en: E:\Consultorías\\BID\HRC0052956\\5_Entregables\\Reporte Final_VPaper\\Anexos/Práctica
> s_Agronómicas/A-2-35_Tab_BPA_bpa_12_q_7.docx
Archivo guardado: E:\Consultorías\\BID\HRC0052956\\5_Entregables\\Reporte Final_VPaper\\Anexos/Prácticas_Agronómicas/A-2-3
> 5_Tab_BPA_bpa_12_q_7.docx

. 
. // --- Cond. al control biológico: bpa_13_1 → A-2-36 ---
. prg_table_2panels, ///
>         outcome(bpa_13_1) outcome_phrase("la evaluación previa de plagas para definir el control biológico") ///
>         table_num("A.2-36") ///
>         out("`outdir'/A-2-36_Tab_BPA_bpa_13_1.docx") ///
>         z_var(asig_ccpp) dc_var(D_c) pi_var(P_i) post_var(post) ///
>         controls("`ctrl_set'") absorb(cod_rgn_PE) cluster(cod_cpb)
successfully replaced "E:/Consultorías/BID/HRC0052956/5_Entregables/Reporte Final_VPaper/Anexos/Prácticas_Agronómicas/A-2-
> 36_Tab_BPA_bpa_13_1.docx"
Bordes dobles engrosados a 1.5pt en: E:\Consultorías\\BID\HRC0052956\\5_Entregables\\Reporte Final_VPaper\\Anexos/Práctica
> s_Agronómicas/A-2-36_Tab_BPA_bpa_13_1.docx
Archivo guardado: E:\Consultorías\\BID\HRC0052956\\5_Entregables\\Reporte Final_VPaper\\Anexos/Prácticas_Agronómicas/A-2-3
> 6_Tab_BPA_bpa_13_1.docx

. 
. // --- Cond. al uso de MIP: bpa_14_1 → A-2-37 ---
. prg_table_2panels, ///
>         outcome(bpa_14_1) outcome_phrase("la combinación de tipos de control de plagas (MIP)") ///
>         table_num("A.2-37") ///
>         out("`outdir'/A-2-37_Tab_BPA_bpa_14_1.docx") ///
>         z_var(asig_ccpp) dc_var(D_c) pi_var(P_i) post_var(post) ///
>         controls("`ctrl_set'") absorb(cod_rgn_PE) cluster(cod_cpb)
successfully replaced "E:/Consultorías/BID/HRC0052956/5_Entregables/Reporte Final_VPaper/Anexos/Prácticas_Agronómicas/A-2-
> 37_Tab_BPA_bpa_14_1.docx"
Bordes dobles engrosados a 1.5pt en: E:\Consultorías\\BID\HRC0052956\\5_Entregables\\Reporte Final_VPaper\\Anexos/Práctica
> s_Agronómicas/A-2-37_Tab_BPA_bpa_14_1.docx
Archivo guardado: E:\Consultorías\\BID\HRC0052956\\5_Entregables\\Reporte Final_VPaper\\Anexos/Prácticas_Agronómicas/A-2-3
> 7_Tab_BPA_bpa_14_1.docx

. 
. log close
      name:  <unnamed>
       log:  E:\Consultorías\\BID\HRC0052956\\3_Logs\G3_estimate_bpa_cond.log
  log type:  text
 closed on:  25 May 2026, 23:16:20
--------------------------------------------------------------------------------------------------------------------------
