-------------------------------------------------------------------------------
      name:  <unnamed>
       log:  E:\Consultorías\\BID\HRC0052956\\3_Logs\G4_estimate_records_safety
> .log
  log type:  text
 opened on:   3 Jun 2026, 12:41:04

. 
. 
. // Cargar programas (prg_table_3panels primero porque define _fmt_*)
. qui do "${ruta_helpers}/prg_load_panel.do"

. qui do "${ruta_helpers}/prg_table_3panels.do"

. qui do "${ruta_helpers}/prg_table_2panels.do"

. 
. //---------------------------------------------------------------------------
> ---
. // 1. Cargar la base maestra + registros vía prg_load_panel
. //---------------------------------------------------------------------------
> ---
. prg_load_panel, ///
>         outcome_file("Registros_Almacen_LByLS") ///
>         outcome_vars(regis_1-regis_7 tot_cond_min_alm) ///
>         extra_vars(i1aECA_PE_ccpp ptcp_ECA_prod)
(Características de la observación: identificadores, efectos fijos, ECA y expos
> ic)

    Result                      Number of obs
    -----------------------------------------
    Not matched                             0
    Matched                             2,727  
    -----------------------------------------
(label sino already defined)

    Result                      Number of obs
    -----------------------------------------
    Not matched                             0
    Matched                             2,727  
    -----------------------------------------

    Result                      Number of obs
    -----------------------------------------
    Not matched                             0
    Matched                             2,727  
    -----------------------------------------
(label sino already defined)

    Result                      Number of obs
    -----------------------------------------
    Not matched                             0
    Matched                             2,727  
    -----------------------------------------
(label sino already defined)

    Result                      Number of obs
    -----------------------------------------
    Not matched                             0
    Matched                             2,727  
    -----------------------------------------
Obs. descartadas por panel no balanceado: 163
(163 observations deleted)

. 
. // 1b. Merge adicional con Inocuidad_LByLS (prg_load_panel solo acepta un
. //     outcome_file; el panel ya quedó balanceado, este merge solo añade vars
> ).
. local outc5 "${ruta_data}/Out/5_BDs por grupos de vars"

. merge 1:1 Codprod22 post using "`outc5'/Inocuidad_LByLS.dta", ///
>         keepus(ino_resid_cult_v2 ino_resid_anim_v2 ino_alim_prod_v2 ino_etiq_
> alim ino_cert_cal ///
>                ino_info_conta_alim) ///
>         keep(3) nogen
(label sino already defined)

    Result                      Number of obs
    -----------------------------------------
    Not matched                             0
    Matched                             2,564  
    -----------------------------------------

. 
. //---------------------------------------------------------------------------
> ---
. // 2. Construir D_c y P_i (definiciones operacionales)
. //---------------------------------------------------------------------------
> ---
. gen byte D_c = (i1aECA_PE_ccpp == 1) if !mi(asig_ccpp)

. gen byte P_i = (ptcp_ECA_prod  == 1) if !mi(asig_ccpp)

. 
. //---------------------------------------------------------------------------
> ---
. // 3. Labels amigables — single source of truth
. //---------------------------------------------------------------------------
> ---
. lab var regis_1          "Registros de abonos/fertilizantes"

. lab var regis_2          "Registros de plaguicidas"

. lab var regis_3          "Registros de control biológico"

. lab var regis_4          "Registros de riego"

. lab var regis_5          "Registros de producción cosechada"

. lab var regis_6          "Kardex de almacén"

. lab var regis_7          "Registros de trazabilidad"

. lab var tot_cond_min_alm "Condiciones mín. almacén de agroquímicos"

. 
. lab var ino_resid_cult_v2 "Manejo de residuos de cultivos"

. lab var ino_resid_anim_v2 "Manejo de residuos de animales"

. lab var ino_alim_prod_v2  "Almacenamiento de alimentos"

. lab var ino_etiq_alim     "Etiquetado de alimentos"

. lab var ino_cert_cal      "Alimentos certificados"

. lab var ino_info_conta_alim "Información sobre contaminación de alimentos"

. 
. //---------------------------------------------------------------------------
> ---
. // 4. Generar las 13 tablas anexas en un loop sobre la varlist consolidada
. //---------------------------------------------------------------------------
> ---
. local ctrl_set c.edad c.edadsq i.sexo c.educ i.castell c.ilogsact c.icondvid 
> ///
>         c.tot_miem_1564 c.tot_miem_depen c.tot_has_prod i.riego_tec_prod ///
>         c.años_tenen_prod i.mes_enc

. 
. local outdir "${ruta_anexos}/Registros_e_Inocuidad_Alimentaria"

. 
. // Varlist en el orden de numeración A-3-1..14 (cuatro registros de aplicació
> n,
. // cuatro de gestión/almacén, seis de inocuidad). Frases redactadas en parale
> lo.
. local vars     regis_1 regis_2 regis_3 regis_4 ///
>         regis_5 regis_6 regis_7 tot_cond_min_alm ///
>         ino_resid_cult_v2 ino_resid_anim_v2 ino_alim_prod_v2 ino_etiq_alim in
> o_cert_cal ///
>         ino_info_conta_alim

. local phrases  `" "el registro de aplicación de abonos y fertilizantes" "el r
> egistro de aplicación de plaguicidas" "el registro de aplicación del control 
> biológico" "el registro del manejo del riego" "el registro de la producción c
> osechada" "la llevanza de un kardex del almacén" "el registro de trazabilidad
> " "el cumplimiento de las condiciones mínimas del almacén de agroquímicos" "e
> l manejo adecuado de los residuos de cultivos" "el manejo adecuado de los res
> iduos de animales" "el almacenamiento adecuado de los alimentos producidos" "
> el etiquetado de los alimentos producidos" "el uso de alimentos certificados"
>  "el conocimiento sobre fuentes de contaminación de los alimentos" "'

. 
. local k = 1

. foreach var of local vars {
  2.         gettoken phrase phrases : phrases
  3.         prg_table_2panels, ///
>                 outcome(`var') outcome_phrase("`phrase'") ///
>                 table_num("A.3-`k'") ///
>                 out("`outdir'/A-3-`k'_Tab_`var'.docx") ///
>                 z_var(asig_ccpp) dc_var(D_c) pi_var(P_i) post_var(post) ///
>                 controls("`ctrl_set'") absorb(cod_rgn_PE) cluster(cod_cpb)
  4.         local ++k
  5. }
successfully replaced "E:/Consultorías/BID/HRC0052956/5_Entregables/Reporte Fin
> al_VPaper/Anexos/Registros_e_Inocuidad_Alimentaria/A-3-1_Tab_regis_1.docx"
Bordes dobles engrosados a 1.5pt en: E:\Consultorías\\BID\HRC0052956\\5_Entrega
> bles\\Reporte Final_VPaper\\Anexos/Registros_e_Inocuidad_Alimentaria/A-3-1_Ta
> b_regis_1.docx
Archivo guardado: E:\Consultorías\\BID\HRC0052956\\5_Entregables\\Reporte Final
> _VPaper\\Anexos/Registros_e_Inocuidad_Alimentaria/A-3-1_Tab_regis_1.docx
successfully replaced "E:/Consultorías/BID/HRC0052956/5_Entregables/Reporte Fin
> al_VPaper/Anexos/Registros_e_Inocuidad_Alimentaria/A-3-2_Tab_regis_2.docx"
Bordes dobles engrosados a 1.5pt en: E:\Consultorías\\BID\HRC0052956\\5_Entrega
> bles\\Reporte Final_VPaper\\Anexos/Registros_e_Inocuidad_Alimentaria/A-3-2_Ta
> b_regis_2.docx
Archivo guardado: E:\Consultorías\\BID\HRC0052956\\5_Entregables\\Reporte Final
> _VPaper\\Anexos/Registros_e_Inocuidad_Alimentaria/A-3-2_Tab_regis_2.docx
successfully replaced "E:/Consultorías/BID/HRC0052956/5_Entregables/Reporte Fin
> al_VPaper/Anexos/Registros_e_Inocuidad_Alimentaria/A-3-3_Tab_regis_3.docx"
Bordes dobles engrosados a 1.5pt en: E:\Consultorías\\BID\HRC0052956\\5_Entrega
> bles\\Reporte Final_VPaper\\Anexos/Registros_e_Inocuidad_Alimentaria/A-3-3_Ta
> b_regis_3.docx
Archivo guardado: E:\Consultorías\\BID\HRC0052956\\5_Entregables\\Reporte Final
> _VPaper\\Anexos/Registros_e_Inocuidad_Alimentaria/A-3-3_Tab_regis_3.docx
successfully replaced "E:/Consultorías/BID/HRC0052956/5_Entregables/Reporte Fin
> al_VPaper/Anexos/Registros_e_Inocuidad_Alimentaria/A-3-4_Tab_regis_4.docx"
Bordes dobles engrosados a 1.5pt en: E:\Consultorías\\BID\HRC0052956\\5_Entrega
> bles\\Reporte Final_VPaper\\Anexos/Registros_e_Inocuidad_Alimentaria/A-3-4_Ta
> b_regis_4.docx
Archivo guardado: E:\Consultorías\\BID\HRC0052956\\5_Entregables\\Reporte Final
> _VPaper\\Anexos/Registros_e_Inocuidad_Alimentaria/A-3-4_Tab_regis_4.docx
successfully replaced "E:/Consultorías/BID/HRC0052956/5_Entregables/Reporte Fin
> al_VPaper/Anexos/Registros_e_Inocuidad_Alimentaria/A-3-5_Tab_regis_5.docx"
Bordes dobles engrosados a 1.5pt en: E:\Consultorías\\BID\HRC0052956\\5_Entrega
> bles\\Reporte Final_VPaper\\Anexos/Registros_e_Inocuidad_Alimentaria/A-3-5_Ta
> b_regis_5.docx
Archivo guardado: E:\Consultorías\\BID\HRC0052956\\5_Entregables\\Reporte Final
> _VPaper\\Anexos/Registros_e_Inocuidad_Alimentaria/A-3-5_Tab_regis_5.docx
successfully replaced "E:/Consultorías/BID/HRC0052956/5_Entregables/Reporte Fin
> al_VPaper/Anexos/Registros_e_Inocuidad_Alimentaria/A-3-6_Tab_regis_6.docx"
Bordes dobles engrosados a 1.5pt en: E:\Consultorías\\BID\HRC0052956\\5_Entrega
> bles\\Reporte Final_VPaper\\Anexos/Registros_e_Inocuidad_Alimentaria/A-3-6_Ta
> b_regis_6.docx
Archivo guardado: E:\Consultorías\\BID\HRC0052956\\5_Entregables\\Reporte Final
> _VPaper\\Anexos/Registros_e_Inocuidad_Alimentaria/A-3-6_Tab_regis_6.docx
successfully replaced "E:/Consultorías/BID/HRC0052956/5_Entregables/Reporte Fin
> al_VPaper/Anexos/Registros_e_Inocuidad_Alimentaria/A-3-7_Tab_regis_7.docx"
Bordes dobles engrosados a 1.5pt en: E:\Consultorías\\BID\HRC0052956\\5_Entrega
> bles\\Reporte Final_VPaper\\Anexos/Registros_e_Inocuidad_Alimentaria/A-3-7_Ta
> b_regis_7.docx
Archivo guardado: E:\Consultorías\\BID\HRC0052956\\5_Entregables\\Reporte Final
> _VPaper\\Anexos/Registros_e_Inocuidad_Alimentaria/A-3-7_Tab_regis_7.docx
successfully replaced "E:/Consultorías/BID/HRC0052956/5_Entregables/Reporte Fin
> al_VPaper/Anexos/Registros_e_Inocuidad_Alimentaria/A-3-8_Tab_tot_cond_min_alm
> .docx"
Bordes dobles engrosados a 1.5pt en: E:\Consultorías\\BID\HRC0052956\\5_Entrega
> bles\\Reporte Final_VPaper\\Anexos/Registros_e_Inocuidad_Alimentaria/A-3-8_Ta
> b_tot_cond_min_alm.docx
Archivo guardado: E:\Consultorías\\BID\HRC0052956\\5_Entregables\\Reporte Final
> _VPaper\\Anexos/Registros_e_Inocuidad_Alimentaria/A-3-8_Tab_tot_cond_min_alm.
> docx
successfully replaced "E:/Consultorías/BID/HRC0052956/5_Entregables/Reporte Fin
> al_VPaper/Anexos/Registros_e_Inocuidad_Alimentaria/A-3-9_Tab_ino_resid_cult_v
> 2.docx"
Bordes dobles engrosados a 1.5pt en: E:\Consultorías\\BID\HRC0052956\\5_Entrega
> bles\\Reporte Final_VPaper\\Anexos/Registros_e_Inocuidad_Alimentaria/A-3-9_Ta
> b_ino_resid_cult_v2.docx
Archivo guardado: E:\Consultorías\\BID\HRC0052956\\5_Entregables\\Reporte Final
> _VPaper\\Anexos/Registros_e_Inocuidad_Alimentaria/A-3-9_Tab_ino_resid_cult_v2
> .docx
successfully replaced "E:/Consultorías/BID/HRC0052956/5_Entregables/Reporte Fin
> al_VPaper/Anexos/Registros_e_Inocuidad_Alimentaria/A-3-10_Tab_ino_resid_anim_
> v2.docx"
Bordes dobles engrosados a 1.5pt en: E:\Consultorías\\BID\HRC0052956\\5_Entrega
> bles\\Reporte Final_VPaper\\Anexos/Registros_e_Inocuidad_Alimentaria/A-3-10_T
> ab_ino_resid_anim_v2.docx
Archivo guardado: E:\Consultorías\\BID\HRC0052956\\5_Entregables\\Reporte Final
> _VPaper\\Anexos/Registros_e_Inocuidad_Alimentaria/A-3-10_Tab_ino_resid_anim_v
> 2.docx
successfully replaced "E:/Consultorías/BID/HRC0052956/5_Entregables/Reporte Fin
> al_VPaper/Anexos/Registros_e_Inocuidad_Alimentaria/A-3-11_Tab_ino_alim_prod_v
> 2.docx"
Bordes dobles engrosados a 1.5pt en: E:\Consultorías\\BID\HRC0052956\\5_Entrega
> bles\\Reporte Final_VPaper\\Anexos/Registros_e_Inocuidad_Alimentaria/A-3-11_T
> ab_ino_alim_prod_v2.docx
Archivo guardado: E:\Consultorías\\BID\HRC0052956\\5_Entregables\\Reporte Final
> _VPaper\\Anexos/Registros_e_Inocuidad_Alimentaria/A-3-11_Tab_ino_alim_prod_v2
> .docx
successfully replaced "E:/Consultorías/BID/HRC0052956/5_Entregables/Reporte Fin
> al_VPaper/Anexos/Registros_e_Inocuidad_Alimentaria/A-3-12_Tab_ino_etiq_alim.d
> ocx"
Bordes dobles engrosados a 1.5pt en: E:\Consultorías\\BID\HRC0052956\\5_Entrega
> bles\\Reporte Final_VPaper\\Anexos/Registros_e_Inocuidad_Alimentaria/A-3-12_T
> ab_ino_etiq_alim.docx
Archivo guardado: E:\Consultorías\\BID\HRC0052956\\5_Entregables\\Reporte Final
> _VPaper\\Anexos/Registros_e_Inocuidad_Alimentaria/A-3-12_Tab_ino_etiq_alim.do
> cx
successfully replaced "E:/Consultorías/BID/HRC0052956/5_Entregables/Reporte Fin
> al_VPaper/Anexos/Registros_e_Inocuidad_Alimentaria/A-3-13_Tab_ino_cert_cal.do
> cx"
Bordes dobles engrosados a 1.5pt en: E:\Consultorías\\BID\HRC0052956\\5_Entrega
> bles\\Reporte Final_VPaper\\Anexos/Registros_e_Inocuidad_Alimentaria/A-3-13_T
> ab_ino_cert_cal.docx
Archivo guardado: E:\Consultorías\\BID\HRC0052956\\5_Entregables\\Reporte Final
> _VPaper\\Anexos/Registros_e_Inocuidad_Alimentaria/A-3-13_Tab_ino_cert_cal.doc
> x
successfully created "E:/Consultorías/BID/HRC0052956/5_Entregables/Reporte Fina
> l_VPaper/Anexos/Registros_e_Inocuidad_Alimentaria/A-3-14_Tab_ino_info_conta_a
> lim.docx"
Bordes dobles engrosados a 1.5pt en: E:\Consultorías\\BID\HRC0052956\\5_Entrega
> bles\\Reporte Final_VPaper\\Anexos/Registros_e_Inocuidad_Alimentaria/A-3-14_T
> ab_ino_info_conta_alim.docx
Archivo guardado: E:\Consultorías\\BID\HRC0052956\\5_Entregables\\Reporte Final
> _VPaper\\Anexos/Registros_e_Inocuidad_Alimentaria/A-3-14_Tab_ino_info_conta_a
> lim.docx

. 
. log close
      name:  <unnamed>
       log:  E:\Consultorías\\BID\HRC0052956\\3_Logs\G4_estimate_records_safety
> .log
  log type:  text
 closed on:   3 Jun 2026, 12:42:31
-------------------------------------------------------------------------------
