-------------------------------------------------------------------------------
      name:  <unnamed>
       log:  E:\Consultorías\\BID\HRC0052956\\3_Logs\G5Ab_estimate_subind_ena_v
> F.log
  log type:  text
 opened on:  29 May 2026, 12:37:26

. 
. 
. // Cargar los programas (ruta_helpers es GLOBAL definido por A_master.do)
. qui do "${ruta_helpers}/prg_load_panel.do"

. qui do "${ruta_helpers}/prg_table_3panels.do"  // helpers _fmt_b, _fmt_se, _f
> mt_N, _fmt_F

. qui do "${ruta_helpers}/prg_table_2panels.do"

. 
. //---------------------------------------------------------------------------
> ---
. // 1. Cargar la base maestra + outcomes vF + vars crudas para D_c/P_i
. //---------------------------------------------------------------------------
> ---
. prg_load_panel, ///
>         outcome_file("BPAs_Compuestos_LByLS") ///
>         outcome_vars(bpa_ena_*_vF) ///
>         extra_vars(i1aECA_PE_ccpp ptcp_ECA_prod)
(Características de la observación: identificadores, efectos fijos, ECA y expos
> ic)

    Result                      Number of obs
    -----------------------------------------
    Not matched                             0
    Matched                             2,727  
    -----------------------------------------
(label sino already defined)

    Result                      Number of obs
    -----------------------------------------
    Not matched                             0
    Matched                             2,727  
    -----------------------------------------

    Result                      Number of obs
    -----------------------------------------
    Not matched                             0
    Matched                             2,727  
    -----------------------------------------
(label sino already defined)

    Result                      Number of obs
    -----------------------------------------
    Not matched                             0
    Matched                             2,727  
    -----------------------------------------
(label sino already defined)

    Result                      Number of obs
    -----------------------------------------
    Not matched                             0
    Matched                             2,727  
    -----------------------------------------
Obs. descartadas por panel no balanceado: 163
(163 observations deleted)

. 
. //---------------------------------------------------------------------------
> ---
. // 2. Construir D_c y P_i (definiciones operacionales — explícitas y visibles
> )
. //    D_c: el cluster implementó la 1a ECA en el producto a evaluar
. //    P_i: el productor participó de la ECA en cultivo de interés
. //    Missings → 0 (no implementación / no participación)
. //---------------------------------------------------------------------------
> ---
. gen byte D_c = (i1aECA_PE_ccpp == 1) if !mi(asig_ccpp)

. gen byte P_i = (ptcp_ECA_prod  == 1) if !mi(asig_ccpp)

. 
. //---------------------------------------------------------------------------
> ---
. // 3. Label update — single source of truth para los 7 outcomes
. //    Los labels técnicos de E10 ("BPA riego (>=2 de 5 practicas) - Flexible"
> )
. //    no son apropiados para títulos del paper. Aquí declaramos los amigables
. //    una sola vez por sub-indicador. El loop los lee con `: variable label`
. //    (no se mantiene una lista paralela).
. //---------------------------------------------------------------------------
> ---
. lab var bpa_ena_riego_vF      "Prácticas adecuadas de riego"

. lab var bpa_ena_suelo_vF      "Prácticas contra la degradación del suelo"

. lab var bpa_ena_fert_abo_vF   "Uso de Fert./Abo. adecuado"

. lab var bpa_ena_plag_vF       "Uso de Plag. adecuado"

. lab var bpa_ena_biocontrol_vF "Control biológico adecuado"

. lab var bpa_ena_mip_vF        "Manejo Integrado de Plagas adecuado"

. lab var bpa_ena_inoc_vF       "Buenas Prácticas de Inocuidad"

. 
. //---------------------------------------------------------------------------
> ---
. // 4. Generar las 7 tablas anexas en un loop sobre los sub-indicadores
. //---------------------------------------------------------------------------
> ---
. // Insumos fijos (no varían entre outcomes)
. local ctrl_set c.edad c.edadsq i.sexo c.educ i.castell c.ilogsact c.icondvid 
> ///
>         c.tot_miem_1564 c.tot_miem_depen c.tot_has_prod i.riego_tec_prod ///
>         c.años_tenen_prod i.mes_enc

. 
. // vF se reporta en el bloque A-5 de los Anexos. La tabla LLEVA "Robustez. "
. // en el título porque es la versión alternativa (flexible) del outcome que
. // vive en el cuerpo principal (G5Aa, versión Original).
. local stubs    riego suelo fert_abo plag biocontrol mip inoc

. local phrases  `" "la adopción de prácticas adecuadas de riego" "la adopción 
> de prácticas contra la degradación del suelo" "el uso adecuado de fertilizant
> es y abonos" "el uso adecuado de plaguicidas" "la adopción de control biológi
> co" "la adopción de Manejo Integrado de Plagas" "la adopción de buenas prácti
> cas de inocuidad" "'

. 
. forvalues k = 1/7 {
  2.         gettoken stub   stubs   : stubs
  3.         gettoken phrase phrases : phrases
  4.         local var bpa_ena_`stub'_vF
  5. 
.         // El sub-indicador de riego se define solo para productores con rieg
> o
.         // tecnificado (E10); la estimación queda restringida a esa submuestr
> a.
.         // Se añade al calificador y a la nota, coherente con G2.
.         local qual "definición flexible"
  6.         local extra_opt ""
  7.         if "`stub'" == "riego" {
  8.                 local qual "definición flexible; submuestra: riego tecnifi
> cado"
  9.                 local extra_opt `"note_extra("La submuestra se limita a pr
> oductores con riego tecnificado en la parcela principal de línea base; el res
> to queda excluido por definición del sub-indicador.")"'
 10.         }
 11. 
.         prg_table_2panels, ///
>                 outcome(`var') ///
>                 outcome_phrase("`phrase'") ///
>                 outcome_qualifier("`qual'") ///
>                 `extra_opt' ///
>                 robustez ///
>                 table_num("A.5-`k'") ///
>                 out("${ruta_anexos}/Indicadores_Compuestos_BPAs/A-5-`k'_Tab_S
> ubInd_`stub'_vF.docx") ///
>                 z_var(asig_ccpp) ///
>                 dc_var(D_c) ///
>                 pi_var(P_i) ///
>                 post_var(post) ///
>                 controls("`ctrl_set'") ///
>                 absorb(cod_rgn_PE) ///
>                 cluster(cod_cpb)
 12. }
successfully replaced "E:/Consultorías/BID/HRC0052956/5_Entregables/Reporte Fin
> al_VPaper/Anexos/Indicadores_Compuestos_BPAs/A-5-1_Tab_SubInd_riego_vF.docx"
Bordes dobles engrosados a 1.5pt en: E:\Consultorías\\BID\HRC0052956\\5_Entrega
> bles\\Reporte Final_VPaper\\Anexos/Indicadores_Compuestos_BPAs/A-5-1_Tab_SubI
> nd_riego_vF.docx
Archivo guardado: E:\Consultorías\\BID\HRC0052956\\5_Entregables\\Reporte Final
> _VPaper\\Anexos/Indicadores_Compuestos_BPAs/A-5-1_Tab_SubInd_riego_vF.docx
successfully replaced "E:/Consultorías/BID/HRC0052956/5_Entregables/Reporte Fin
> al_VPaper/Anexos/Indicadores_Compuestos_BPAs/A-5-2_Tab_SubInd_suelo_vF.docx"
Bordes dobles engrosados a 1.5pt en: E:\Consultorías\\BID\HRC0052956\\5_Entrega
> bles\\Reporte Final_VPaper\\Anexos/Indicadores_Compuestos_BPAs/A-5-2_Tab_SubI
> nd_suelo_vF.docx
Archivo guardado: E:\Consultorías\\BID\HRC0052956\\5_Entregables\\Reporte Final
> _VPaper\\Anexos/Indicadores_Compuestos_BPAs/A-5-2_Tab_SubInd_suelo_vF.docx
successfully replaced "E:/Consultorías/BID/HRC0052956/5_Entregables/Reporte Fin
> al_VPaper/Anexos/Indicadores_Compuestos_BPAs/A-5-3_Tab_SubInd_fert_abo_vF.doc
> x"
Bordes dobles engrosados a 1.5pt en: E:\Consultorías\\BID\HRC0052956\\5_Entrega
> bles\\Reporte Final_VPaper\\Anexos/Indicadores_Compuestos_BPAs/A-5-3_Tab_SubI
> nd_fert_abo_vF.docx
Archivo guardado: E:\Consultorías\\BID\HRC0052956\\5_Entregables\\Reporte Final
> _VPaper\\Anexos/Indicadores_Compuestos_BPAs/A-5-3_Tab_SubInd_fert_abo_vF.docx
successfully replaced "E:/Consultorías/BID/HRC0052956/5_Entregables/Reporte Fin
> al_VPaper/Anexos/Indicadores_Compuestos_BPAs/A-5-4_Tab_SubInd_plag_vF.docx"
Bordes dobles engrosados a 1.5pt en: E:\Consultorías\\BID\HRC0052956\\5_Entrega
> bles\\Reporte Final_VPaper\\Anexos/Indicadores_Compuestos_BPAs/A-5-4_Tab_SubI
> nd_plag_vF.docx
Archivo guardado: E:\Consultorías\\BID\HRC0052956\\5_Entregables\\Reporte Final
> _VPaper\\Anexos/Indicadores_Compuestos_BPAs/A-5-4_Tab_SubInd_plag_vF.docx
successfully replaced "E:/Consultorías/BID/HRC0052956/5_Entregables/Reporte Fin
> al_VPaper/Anexos/Indicadores_Compuestos_BPAs/A-5-5_Tab_SubInd_biocontrol_vF.d
> ocx"
Bordes dobles engrosados a 1.5pt en: E:\Consultorías\\BID\HRC0052956\\5_Entrega
> bles\\Reporte Final_VPaper\\Anexos/Indicadores_Compuestos_BPAs/A-5-5_Tab_SubI
> nd_biocontrol_vF.docx
Archivo guardado: E:\Consultorías\\BID\HRC0052956\\5_Entregables\\Reporte Final
> _VPaper\\Anexos/Indicadores_Compuestos_BPAs/A-5-5_Tab_SubInd_biocontrol_vF.do
> cx
successfully replaced "E:/Consultorías/BID/HRC0052956/5_Entregables/Reporte Fin
> al_VPaper/Anexos/Indicadores_Compuestos_BPAs/A-5-6_Tab_SubInd_mip_vF.docx"
Bordes dobles engrosados a 1.5pt en: E:\Consultorías\\BID\HRC0052956\\5_Entrega
> bles\\Reporte Final_VPaper\\Anexos/Indicadores_Compuestos_BPAs/A-5-6_Tab_SubI
> nd_mip_vF.docx
Archivo guardado: E:\Consultorías\\BID\HRC0052956\\5_Entregables\\Reporte Final
> _VPaper\\Anexos/Indicadores_Compuestos_BPAs/A-5-6_Tab_SubInd_mip_vF.docx
successfully replaced "E:/Consultorías/BID/HRC0052956/5_Entregables/Reporte Fin
> al_VPaper/Anexos/Indicadores_Compuestos_BPAs/A-5-7_Tab_SubInd_inoc_vF.docx"
Bordes dobles engrosados a 1.5pt en: E:\Consultorías\\BID\HRC0052956\\5_Entrega
> bles\\Reporte Final_VPaper\\Anexos/Indicadores_Compuestos_BPAs/A-5-7_Tab_SubI
> nd_inoc_vF.docx
Archivo guardado: E:\Consultorías\\BID\HRC0052956\\5_Entregables\\Reporte Final
> _VPaper\\Anexos/Indicadores_Compuestos_BPAs/A-5-7_Tab_SubInd_inoc_vF.docx

. 
. log close
      name:  <unnamed>
       log:  E:\Consultorías\\BID\HRC0052956\\3_Logs\G5Ab_estimate_subind_ena_v
> F.log
  log type:  text
 closed on:  29 May 2026, 12:37:55
-------------------------------------------------------------------------------
