-----------------------------------------------------------------------------------------------------------------------------------------------
      name:  <unnamed>
       log:  E:\Consultorías\\BID\HRC0052956\\3_Logs\\H1_report_compile.log
  log type:  text
 opened on:  11 Aug 2026, 00:03:53

. 
. local Date : display %tdCCYY-NN-DD date("$S_DATE", "DMY")

. 
. //==============================================================================
. // Step 2: Validación previa de las secciones
. //==============================================================================
. // Compilar un fuente defectuoso cuesta caro: el defecto no se ve en el archivo
. // suelto, se manifiesta en el consolidado y ahí es mucho más difícil de
. // atribuir. `check_sections.py` revisa las catorce secciones y detiene la
. // compilación si encuentra algo que la rompería —prefijos mc:Ignorable sin
. // declarar, marcas de párrafo ocultas, notas al pie huérfanas, o un campo TOC
. // con el separador equivocado—. Los defectos meramente cosméticos los reporta
. // como avisos y deja seguir.
. //
. // El script crea el archivo centinela SOLO si no hay bloqueantes, de modo que
. // cualquier fallo suyo —incluso una excepción o que no encuentre Python—
. // también detiene la compilación en lugar de dejarla pasar en silencio.
. local ok_check "${ruta_logs}\\_check_sections.OK"

. cap erase "`ok_check'"

. 
. di as text _n "{hline 70}"

----------------------------------------------------------------------

. di as text "Validación de las secciones"
Validación de las secciones

. di as text "{hline 70}"
----------------------------------------------------------------------

. shell python "${ruta_helpers}\\check_sections.py" "${ruta_seccio}" "`ok_check'"
  [check_sections] 16 secciones revisadas
  --- avisos (12) ---
      6_Balance_Atrición_Cumplimiento.docx                 A3 · document ¶141 vacío con estilo Ttulo2 (residuo de edición)
      8_Resultados.docx                                    A3 · document ¶487 vacío con estilo Ttulo3 (residuo de edición)
      Anexos.docx                                          A3 · document ¶205 vacío con estilo Titulodetabla (residuo de edición)
      Anexos.docx                                          A3 · document ¶464 vacío con estilo Titulodetabla (residuo de edición)
      Anexos.docx                                          A3 · document ¶466 vacío con estilo Titulodetabla (residuo de edición)
      Anexos.docx                                          A3 · document ¶594 vacío con estilo Titulodetabla (residuo de edición)
      Anexos.docx                                          A3 · document ¶724 vacío con estilo Titulodetabla (residuo de edición)
      Anexos.docx                                          A3 · document ¶854 vacío con estilo Titulodetabla (residuo de edición)
      Anexos.docx                                          A3 · document ¶1037 vacío con estilo Titulodetabla (residuo de edición)
      Anexos.docx                                          A3 · document ¶2181 vacío con estilo Titulodetabla (residuo de edición)
      Anexos.docx                                          A3 · document ¶2337 vacío con estilo Titulodetabla (residuo de edición)
      Anexos.docx                                          A3 · document ¶2805 vacío con estilo Titulodetabla (residuo de edición)
  [check_sections] sin bloqueantes: se puede compilar.

. 
. cap confirm file "`ok_check'"

. if _rc {
.         di as error _n "{hline 70}"
.         di as error "COMPILACIÓN DETENIDA: las secciones no pasaron la validación."
.         di as error "Revisá los BLOQUEANTES listados arriba y volvé a correr H1."
.         di as error "El detalle de cada chequeo está en Planes_Ejecucion/E13_Compilacion_Explicada.md"
.         di as error "{hline 70}"
.         log close
.         exit 459
. }

. cap erase "`ok_check'"

. 
. //==============================================================================
. // Step 3: Documento 1 — Cuerpo (carátula → referencias)
. //==============================================================================
. // El orden de esta lista ES el orden del documento final. Los encabezados
. // `Ttulo1` se numeran solos, de modo que insertar o quitar una sección
. // renumera las siguientes sin editar su texto.
. local cuerpo   `""0_Carátula.docx""'

. local cuerpo `"`cuerpo' "_Indices_Cuerpo.docx""'

. local cuerpo `"`cuerpo' "1_Introducción.docx""'

. local cuerpo `"`cuerpo' "2_Literatura.docx""'

. local cuerpo `"`cuerpo' "3_Contexto_Descr_Interv_ECAs.docx""'

. local cuerpo `"`cuerpo' "4_Dis_Exp-Protocolo_Aleatorización_Desv_y_Selección_Muestra.docx""'

. local cuerpo `"`cuerpo' "5_Datos.docx""'

. local cuerpo `"`cuerpo' "6_Balance_Atrición_Cumplimiento.docx""'

. local cuerpo `"`cuerpo' "7_Estrategia_Econométrica.docx""'

. local cuerpo `"`cuerpo' "8_Resultados.docx""'

. local cuerpo `"`cuerpo' "9_Limitaciones_Siguientes_Pasos.docx""'

. local cuerpo `"`cuerpo' "10_Conclusiones.docx""'

. local cuerpo `"`cuerpo' "11_Lecciones_Aprendidas_Recomendaciones.docx""'

. local cuerpo `"`cuerpo' "12_Referencias.docx""'

. 
. // Verificación previa: que exista cada insumo antes de intentar el append.
. local faltan ""

. foreach f of local cuerpo {
  2.         cap confirm file "${ruta_seccio}\\`f'"
  3.         if _rc local faltan `"`faltan' "`f'""'
  4. }

. if `"`faltan'"' != "" {
.         di as error "FALTAN insumos del cuerpo:"
.         foreach f of local faltan {
  2.                 di as error "    `f'"
  3.         }
.         exit 601
. }

. 
. local rutas ""

. foreach f of local cuerpo {
  2.         local rutas `"`rutas' "${ruta_seccio}\\`f'""'
  3. }

. 
. putdocx clear

. putdocx append `rutas', ///
>         saving("${ruta_report}\\`Date'_Reporte_EI_Final.docx", replace)
successfully created "E:/Consultorías/BID/HRC0052956/5_Entregables/Reporte Final_VPaper/Versiones/2026-08-11_Reporte_EI_Final.docx"

. 
. di as text _n "{hline 70}"

----------------------------------------------------------------------

. di as text "Documento 1 — Cuerpo"
Documento 1 — Cuerpo

. di as text "{hline 70}"
----------------------------------------------------------------------

. di as text "  Secciones concatenadas: " as result `: word count `cuerpo''
  Secciones concatenadas: 14

. di as text "  Salida: " as result "`Date'_Reporte_EI_Final.docx"
  Salida: 2026-08-11_Reporte_EI_Final.docx

. 
. //==============================================================================
. // Step 4: Documento 2 — Anexos
. //==============================================================================
. // `Anexos.docx` ya contiene el Anexo A (marco de resultados potenciales) y el
. // Anexo B (72 tablas embebidas en cinco subsecciones). No se reconstruye nada.
. local anexos `""_Indices_Anexos.docx" "Anexos.docx""'

. 
. local faltan ""

. foreach f of local anexos {
  2.         cap confirm file "${ruta_seccio}\\`f'"
  3.         if _rc local faltan `"`faltan' "`f'""'
  4. }

. if `"`faltan'"' != "" {
.         di as error "FALTAN insumos de los anexos:"
.         foreach f of local faltan {
  2.                 di as error "    `f'"
  3.         }
.         exit 601
. }

. 
. local rutas ""

. foreach f of local anexos {
  2.         local rutas `"`rutas' "${ruta_seccio}\\`f'""'
  3. }

. 
. putdocx clear

. putdocx append `rutas', ///
>         saving("${ruta_report}\\`Date'_Anexos_EI.docx", replace)
successfully created "E:/Consultorías/BID/HRC0052956/5_Entregables/Reporte Final_VPaper/Versiones/2026-08-11_Anexos_EI.docx"

. 
. di as text _n "{hline 70}"

----------------------------------------------------------------------

. di as text "Documento 2 — Anexos"
Documento 2 — Anexos

. di as text "{hline 70}"
----------------------------------------------------------------------

. di as text "  Salida: " as result "`Date'_Anexos_EI.docx"
  Salida: 2026-08-11_Anexos_EI.docx

. 
. //==============================================================================
. // Step 5: Saneamiento del paquete OOXML
. //==============================================================================
. // `putdocx append` construye el paquete mezclando las partes de las secciones,
. // y en esa mezcla deja dos defectos que no se ven hasta abrir el archivo:
. //
. //   (1) ACUMULA los prefijos mc:Ignorable de todas las secciones de la lista
. //       —no solo del primero— pero declara siempre su propio juego fijo de 71
. //       namespaces. Basta con que UNA sección se haya guardado con un Word
. //       reciente y aporte un prefijo de fuera de ese juego (w16du, w16sdtfl)
. //       para que queden prefijos sin declarar. La norma exige que todo prefijo
. //       de mc:Ignorable resuelva a un namespace declarado; al no hacerlo, Word
. //       rechaza el archivo con "contenido no legible" y lo abre como documento
. //       recuperado, sin ruta. Verificado que ni el orden de la lista ni la
. //       opción stylesrc() cambian este comportamiento.
. //
. //   (2) Hereda w:trackRevisions —once de las catorce secciones lo traen
. //       activado—, así que el consolidado abre con el control de cambios
. //       encendido y toda edición del destinatario queda marcada. Se limpia
. //       solo aquí: en las secciones el control de cambios es la forma de
. //       trabajo y no se toca.
. //
. // El Step 2 ya habría detenido la compilación si (1) estuviera presente; este
. // paso es la segunda línea de defensa y el único responsable de (2).
. // El helper es idempotente: correrlo dos veces no cambia nada la segunda.
. local salidas `""`Date'_Reporte_EI_Final.docx" "`Date'_Anexos_EI.docx""'

. 
. di as text _n "{hline 70}"

----------------------------------------------------------------------

. di as text "Saneamiento del paquete"
Saneamiento del paquete

. di as text "{hline 70}"
----------------------------------------------------------------------

. foreach f of local salidas {
  2.         shell python "${ruta_helpers}\\fix_compiled_docx.py" "${ruta_report}\\`f'"
  3. }
  [fix_compiled_docx] 2026-08-11_Reporte_EI_Final.docx
      word/settings.xml: retirado w:trackRevisions
  [fix_compiled_docx] sin cambios: 2026-08-11_Anexos_EI.docx

. 
. //==============================================================================
. // Step 6: Resolución de índices y exportación a PDF
. //==============================================================================
. // Equivale a abrir en Word, Ctrl+E y F9, guardar y exportar. Se hace aquí y no
. // en la máquina que reciba el archivo porque el switch \t delimita el par
. // "estilo;nivel" con el separador de lista del documento: resueltos los campos,
. // los índices ya no dependen de la configuración regional de quien lo abra.
. //
. // Si Word no está disponible el helper informa y devuelve 2 sin abortar: los
. // .docx quedan escritos y los campos se pueden actualizar a mano.
. di as text _n "{hline 70}"

----------------------------------------------------------------------

. di as text "Índices y PDF"
Índices y PDF

. di as text "{hline 70}"
----------------------------------------------------------------------

. foreach f of local salidas {
  2.         shell powershell -NoProfile -ExecutionPolicy Bypass ///
>                 -File "${ruta_helpers}/update_fields_export_pdf.ps1" "${ruta_report}\\`f'"
  3. }
  [update_fields] 2026-08-11_Reporte_EI_Final.docx · índice 1: 49 entradas
  [update_fields] 2026-08-11_Reporte_EI_Final.docx · índice 2: 16 entradas
  [update_fields] 2026-08-11_Reporte_EI_Final.docx · índice 3: 3 entradas
  [update_fields] PDF exportado: 2026-08-11_Reporte_EI_Final.pdf
  [update_fields] 2026-08-11_Anexos_EI.docx · índice 1: 16 entradas
  [update_fields] 2026-08-11_Anexos_EI.docx · índice 2: 66 entradas
  [update_fields] PDF exportado: 2026-08-11_Anexos_EI.pdf

. 
. //==============================================================================
. // Step 7: Sonda de integridad sobre el resultado
. //==============================================================================
. // El único juez fiable de si un .docx abre en Word es Word: un paquete puede
. // tener todos sus XML bien formados y aun así ser inválido. La sonda pide
. // abrirlo SIN permitir reparación y comprueba, además, que ningún índice haya
. // quedado vacío. Si algo falla, la compilación termina con error en lugar de
. // dejar un entregable roto con aspecto de terminado.
. local ok_verify "${ruta_logs}\\_verify_compiled.OK"

. cap erase "`ok_verify'"

. 
. local rutas ""

. foreach f of local salidas {
  2.         local rutas `"`rutas' "${ruta_report}\\`f'""'
  3. }

. 
. di as text _n "{hline 70}"

----------------------------------------------------------------------

. di as text "Verificación del resultado"
Verificación del resultado

. di as text "{hline 70}"
----------------------------------------------------------------------

. shell powershell -NoProfile -ExecutionPolicy Bypass ///
>         -File "${ruta_helpers}/verify_compiled_docx.ps1" "`ok_verify'" `rutas'
  [verify] OK    2026-08-11_Reporte_EI_Final.docx :: tablas=16 párrafos=1873 campos=139 índices=[49, 16, 3]
  [verify] OK    2026-08-11_Anexos_EI.docx :: tablas=72 párrafos=5586 campos=166 índices=[16, 66]
  [verify] los consolidados abren en Word sin reparación y con los índices poblados.

. 
. cap confirm file "`ok_verify'"

. if _rc {
.         di as error _n "{hline 70}"
.         di as error "EL CONSOLIDADO NO PASÓ LA VERIFICACIÓN. No lo entregues así."
.         di as error "Revisá el detalle de arriba y Planes_Ejecucion/E13_Compilacion_Explicada.md"
.         di as error "{hline 70}"
.         log close
.         exit 459
. }

. cap erase "`ok_verify'"

. 
. di as text _n "{hline 70}"

----------------------------------------------------------------------

. di as text "Compilación terminada. En ${ruta_report}:"
Compilación terminada. En E:\Consultorías\\BID\HRC0052956\\5_Entregables\\Reporte Final_VPaper\\Versiones:

. foreach f of local salidas {
  2.         di as text "  " as result "`f'"
  3. }
  2026-08-11_Reporte_EI_Final.docx
  2026-08-11_Anexos_EI.docx

. di as text "  " as result "(y el .pdf de cada uno)"
  (y el .pdf de cada uno)

. di as text "{hline 70}" _n
----------------------------------------------------------------------


. 
. log close
      name:  <unnamed>
       log:  E:\Consultorías\\BID\HRC0052956\\3_Logs\\H1_report_compile.log
  log type:  text
 closed on:  11 Aug 2026, 00:04:56
-----------------------------------------------------------------------------------------------------------------------------------------------
