-------------------------------------------------------------------------------
      name:  <unnamed>
       log:  E:\Consultorías\BID\HRC0052956\1_Data/Out/6_Temporales/panel_parce
> las_keys.log
  log type:  text
 opened on:  22 Apr 2026, 00:38:35

. d Codprod22 preg101a post preg104 preg107*

Variable      Storage   Display    Value
    name         type    format    label      Variable label
-------------------------------------------------------------------------------
Codprod22       str13   %13s                * Codigo del productor del 2022
preg101a        byte    %12.0g                101.A Indicar número del predio o
                                                parcela a entrevistar:
post            byte    %9.0g                 
preg104         byte    %12.0g     preg104    104. Con relación a la propiedad
                                                de este predio usted es:
preg107a        int     %12.0g              * 107A. ¿Cuánto pagó por el
                                                alquiler de este predio para la
                                                campaña agrícola 2020-
preg107b        double  %12.0g              * 107B. ¿Qué porcentaje de la
                                                producción dio como pago del
                                                alquiler de este predio
preg107c1       byte    %12.0g     preg107c1
                                              107C1. ¿Ha pagado el alquiler del
                                                predio con algún o algunos
                                                bienes?
preg107c2       int     %12.0g              * 107C2. ¿A cuánto cree usted que
                                                valoraría los bienes que uso
                                                como pago del alqui

. unique Codprod22 preg101a post
command unique is unrecognized
r(199);

end of do-file
r(199);
