-------------------------------------------------------------------------------
      name:  <unnamed>
       log:  E:\Consultorías\BID\HRC0052956\1_Data/Out/6_Temporales/preg107_LS.
> log
  log type:  text
 opened on:  22 Apr 2026, 00:30:37

. d preg107*

Variable      Storage   Display    Value
    name         type    format    label      Variable label
-------------------------------------------------------------------------------
preg107a        int     %12.0g              * 107A. ¿Cuánto pagó por el
                                                alquiler de este predio para la
                                                campaña agrícola 2021-
preg107b        byte    %12.0g              * 107B. ¿Qué porcentaje de la
                                                producción dio como pago del
                                                alquiler de este predio
preg107c1       byte    %12.0g     preg107c1
                                              107C1. ¿Ha pagado el alquiler del
                                                predio con algún o algunos
                                                bienes?
preg107c2       int     %12.0g              * 107C2. ¿A cuánto cree usted que
                                                valoraría los bienes que uso
                                                como pago del alqui

. sum preg107*, d

        107A. ¿Cuánto pagó por el alquiler de este
           predio para la campaña agrícola 2021-
-------------------------------------------------------------
      Percentiles      Smallest
 1%            0              0
 5%            0              0
10%            0              0       Obs                  87
25%          200              0       Sum of wgt.          87

50%         1000                      Mean           1835.287
                        Largest       Std. dev.      2178.667
75%         2500           7500
90%         4500           8000       Variance        4746588
95%         6000           9000       Skewness       1.672499
99%        10000          10000       Kurtosis       5.651784

     107B. ¿Qué porcentaje de la producción dio como
              pago del alquiler de este predio
-------------------------------------------------------------
      Percentiles      Smallest
 1%            0              0
 5%            0              0
10%            0              0       Obs                  87
25%            0              0       Sum of wgt.          87

50%            8                      Mean           19.31034
                        Largest       Std. dev.      26.97687
75%           50            100
90%           50            100       Variance       727.7514
95%           70            100       Skewness       1.463608
99%          100            100       Kurtosis       4.397933

        107C1. ¿Ha pagado el alquiler del predio con
                  algún o algunos bienes?
-------------------------------------------------------------
      Percentiles      Smallest
 1%            1              1
 5%            2              2
10%            2              2       Obs                  87
25%            2              2       Sum of wgt.          87

50%            2                      Mean           1.988506
                        Largest       Std. dev.      .1072113
75%            2              2
90%            2              2       Variance       .0114943
95%            2              2       Skewness      -9.165786
99%            2              2       Kurtosis       85.01163

      107C2. ¿A cuánto cree usted que valoraría los
             bienes que uso como pago del alqui
-------------------------------------------------------------
      Percentiles      Smallest
 1%         4000           4000
 5%         4000              .
10%         4000              .       Obs                   1
25%         4000              .       Sum of wgt.           1

50%         4000                      Mean               4000
                        Largest       Std. dev.             .
75%         4000              .
90%         4000              .       Variance              .
95%         4000              .       Skewness              .
99%         4000           4000       Kurtosis              .

. codebook preg107*

-------------------------------------------------------------------------------
preg107a                               107A. ¿Cuánto pagó por el alquiler de
                                       este predio para la campaña agrícola
                                       2021-
-------------------------------------------------------------------------------

                  Type: Numeric (int)

                 Range: [0,10000]                     Units: 10
         Unique values: 30                        Missing .: 1,813/1,900

                  Mean: 1835.29
             Std. dev.: 2178.67

           Percentiles:     10%       25%       50%       75%       90%
                              0       200      1000      2500      4500

-------------------------------------------------------------------------------
preg107b                               107B. ¿Qué porcentaje de la producción
                                       dio como pago del alquiler de este
                                       predio
-------------------------------------------------------------------------------

                  Type: Numeric (byte)

                 Range: [0,100]                       Units: 1
         Unique values: 14                        Missing .: 1,813/1,900

                  Mean: 19.3103
             Std. dev.: 26.9769

           Percentiles:     10%       25%       50%       75%       90%
                              0         0         8        50        50

-------------------------------------------------------------------------------
preg107c1                              107C1. ¿Ha pagado el alquiler del predio
                                       con algún o algunos bienes?
-------------------------------------------------------------------------------

                  Type: Numeric (byte)
                 Label: preg107c1

                 Range: [1,2]                         Units: 1
         Unique values: 2                         Missing .: 1,813/1,900

            Tabulation: Freq.   Numeric  Label
                            1         1  Si
                           86         2  No
                        1,813         .  

-------------------------------------------------------------------------------
preg107c2                              107C2. ¿A cuánto cree usted que
                                       valoraría los bienes que uso como pago
                                       del alqui
-------------------------------------------------------------------------------

                  Type: Numeric (int)

                 Range: [4000,4000]                   Units: 1000
         Unique values: 1                         Missing .: 1,899/1,900

            Tabulation: Freq.  Value
                            1  4000
                        1,899  .

. log close
      name:  <unnamed>
       log:  E:\Consultorías\BID\HRC0052956\1_Data/Out/6_Temporales/preg107_LS.
> log
  log type:  text
 closed on:  22 Apr 2026, 00:30:37
-------------------------------------------------------------------------------
