-------------------------------------------------------------------------------
      name:  <unnamed>
       log:  E:\Consultorías\BID\HRC0052956\1_Data/Out/6_Temporales/preg107_LB.
> log
  log type:  text
 opened on:  22 Apr 2026, 00:30:37

. d preg107*

Variable      Storage   Display    Value
    name         type    format    label      Variable label
-------------------------------------------------------------------------------
preg107a        int     %12.0g              * 107A. ¿Cuánto pagó por el
                                                alquiler de este predio para la
                                                campaña agrícola 2020-
preg107b        double  %12.0g              * 107B. ¿Qué porcentaje de la
                                                producción dio como pago del
                                                alquiler de este predio
preg107c1       byte    %12.0g     preg107c1
                                              107C1. ¿Ha pagado el alquiler del
                                                predio con algún o algunos
                                                bienes?
preg107c2       int     %12.0g              * 107C2. ¿A cuánto cree usted que
                                                valoraría los bienes que uso
                                                como pago del alqui

. sum preg107*, d

        107A. ¿Cuánto pagó por el alquiler de este
           predio para la campaña agrícola 2020-
-------------------------------------------------------------
      Percentiles      Smallest
 1%            0              0
 5%            0              0
10%            0              0       Obs                 149
25%          100              0       Sum of wgt.         149

50%          750                      Mean           2308.792
                        Largest       Std. dev.      4533.995
75%         2000          18000
90%         7000          22500       Variance       2.06e+07
95%        11000          22500       Skewness       3.180508
99%        22500          25000       Kurtosis       13.31116

     107B. ¿Qué porcentaje de la producción dio como
              pago del alquiler de este predio
-------------------------------------------------------------
      Percentiles      Smallest
 1%            0              0
 5%            0              0
10%            0              0       Obs                 149
25%            0              0       Sum of wgt.         149

50%           10                      Mean           20.68591
                        Largest       Std. dev.       23.9394
75%           40             80
90%           50            100       Variance       573.0949
95%           50            100       Skewness       .9852939
99%          100            100       Kurtosis       3.514193

        107C1. ¿Ha pagado el alquiler del predio con
                  algún o algunos bienes?
-------------------------------------------------------------
      Percentiles      Smallest
 1%            1              1
 5%            1              1
10%            2              1       Obs                 149
25%            2              1       Sum of wgt.         149

50%            2                      Mean           1.926174
                        Largest       Std. dev.      .2623686
75%            2              2
90%            2              2       Variance       .0688373
95%            2              2       Skewness      -3.259626
99%            2              2       Kurtosis       11.62516

      107C2. ¿A cuánto cree usted que valoraría los
             bienes que uso como pago del alqui
-------------------------------------------------------------
      Percentiles      Smallest
 1%           20             20
 5%           20             50
10%           50             50       Obs                  11
25%           50            100       Sum of wgt.          11

50%          210                      Mean           507.2727
                        Largest       Std. dev.      681.2795
75%         1000            300
90%         1500           1000       Variance       464141.8
95%         2000           1500       Skewness       1.303463
99%         2000           2000       Kurtosis       3.169922

. codebook preg107*

-------------------------------------------------------------------------------
preg107a                               107A. ¿Cuánto pagó por el alquiler de
                                       este predio para la campaña agrícola
                                       2020-
-------------------------------------------------------------------------------

                  Type: Numeric (int)

                 Range: [0,25000]                     Units: 1
         Unique values: 44                        Missing .: 1,930/2,079

                  Mean: 2308.79
             Std. dev.:    4534

           Percentiles:     10%       25%       50%       75%       90%
                              0       100       750      2000      7000

-------------------------------------------------------------------------------
preg107b                               107B. ¿Qué porcentaje de la producción
                                       dio como pago del alquiler de este
                                       predio
-------------------------------------------------------------------------------

                  Type: Numeric (double)

                 Range: [0,100]                       Units: .1
         Unique values: 25                        Missing .: 1,930/2,079

                  Mean: 20.6859
             Std. dev.: 23.9394

           Percentiles:     10%       25%       50%       75%       90%
                              0         0        10        40        50

-------------------------------------------------------------------------------
preg107c1                              107C1. ¿Ha pagado el alquiler del predio
                                       con algún o algunos bienes?
-------------------------------------------------------------------------------

                  Type: Numeric (byte)
                 Label: preg107c1

                 Range: [1,2]                         Units: 1
         Unique values: 2                         Missing .: 1,930/2,079

            Tabulation: Freq.   Numeric  Label
                           11         1  Si
                          138         2  No
                        1,930         .  

-------------------------------------------------------------------------------
preg107c2                              107C2. ¿A cuánto cree usted que
                                       valoraría los bienes que uso como pago
                                       del alqui
-------------------------------------------------------------------------------

                  Type: Numeric (int)

                 Range: [20,2000]                     Units: 10
         Unique values: 9                         Missing .: 2,068/2,079

            Tabulation: Freq.  Value
                            1  20
                            2  50
                            2  100
                            1  210
                            1  250
                            1  300
                            1  1000
                            1  1500
                            1  2000
                        2,068  .

. log close
      name:  <unnamed>
       log:  E:\Consultorías\BID\HRC0052956\1_Data/Out/6_Temporales/preg107_LB.
> log
  log type:  text
 closed on:  22 Apr 2026, 00:30:37
-------------------------------------------------------------------------------
