-------------------------------------------------------------------------------
      name:  <unnamed>
       log:  E:/Consultorías/BID/HRC0052956\\3_Logs/run_all.log
  log type:  text
 opened on:  12 Aug 2026, 13:06:17

. 
. //===========================================================================
> ===
. // Step 2: Qué fases correr
. //===========================================================================
> ===
. local fases_pedidas `0'

. if `"`fases_pedidas'"' == "" {
.         local fases_pedidas "ingest treatment merge build validation estimati
> on reporting diagnostics"
. }

. 
. di as text _n "{hline 78}"

------------------------------------------------------------------------------

. di as text "run_all.do — fases a ejecutar: `fases_pedidas'"
run_all.do — fases a ejecutar: fase_inexistente

. di as text "raíz del proyecto: ${ECAS}"
raíz del proyecto: E:/Consultorías/BID/HRC0052956

. di as text "{hline 78}" _n
------------------------------------------------------------------------------


. 
. //===========================================================================
> ===
. // Step 3: Definición de cada fase
. //===========================================================================
> ===
. local f_ingest      B1_ingest_copy_files B2_clean_survey_modules

. local f_treatment   C1_make_treated_producers C2_make_ccpp_assignment

. local f_merge       D_merge_panels

. local f_build       E1_build_obs_chars E2_build_producer_sociodem       ///
>                     E3_build_household E4_build_crops E5_build_farm     ///
>                     E6_build_bpa_knowledge E7_build_bpa_practices       ///
>                     E8_build_records_storage E9_build_food_safety       ///
>                     E10_build_composite_bpas

. local f_validation  F1_test_balance

. local f_estimation  G1_estimate_knowledge_scores G2_estimate_bpa_uncond ///
>                     G3_estimate_bpa_cond G4_estimate_records_safety     ///
>                     G5Aa_estimate_subind_ena_vO                         ///
>                     G5Ab_estimate_subind_ena_vF                         ///
>                     G5Ac_estimate_compuesto_ena_vF_vO

. local f_diagnostics I1_summary_consort I3_summary_cluster               ///
>                     I4_balance_prod_cluster I5_balance_covariates       ///
>                     I6_loveplot I7A_summary_cluster_size                ///
>                     I7B_summary_deff_outcomes I8_balance_attrition      ///
>                     I9_summary_takeup I10_summary_intensity             ///
>                     I11_robust_timing

. // H1 va al final de todo: consolida las secciones .docx ya terminadas.
. local f_reporting   H2_plot_yield_outliers H1_report_compile

. 
. //===========================================================================
> ===
. // Step 4: Ejecución
. //===========================================================================
> ===
. local t_inicio = c(current_time)

. 
. foreach fase of local fases_pedidas {
  2.         local scripts : copy local f_`fase'
  3.         if `"`scripts'"' == "" {
  4.                 di as error "Fase desconocida: `fase'"
  5.                 exit 198
  6.         }
  7. 
.         di as text _n "{hline 78}"
  8.         di as text "FASE: `fase'"
  9.         di as text "{hline 78}"
 10. 
.         foreach s of local scripts {
 11.                 local t0 = clock(c(current_time), "hms")
 12.                 di as text _n ">>> `s'.do"
 13. 
.                 capture noisily do "${ruta_scripts}/`s'.do"
 14.                 if _rc {
 15.                         di as error _n "El pipeline se detuvo en `s'.do (r
> (" _rc "))."
 16.                         di as error "Revisá ${ruta_logs}/`s'.log."
 17.                         cap log close
 18.                         exit _rc
 19.                 }
 20. 
.                 local t1 = clock(c(current_time), "hms")
 21.                 di as text "    ok — " %6.1f (`t1'-`t0')/1000 " segundos"
 22.         }
 23. }
Fase desconocida: fase_inexistente
r(198);

end of do-file

. di as result "T5 rc para fase inválida = " _rc
T5 rc para fase inválida = 198

. di as result "T5 RESULTADO = " cond(_rc==198, "OK (rechazó la fase desconocid
> a)", "REVISAR")
T5 RESULTADO = OK (rechazó la fase desconocida)

. 
end of do-file
